Archive member included to satisfy reference by file (symbol)

C:/PROGRA~2/ARMGNU~1/14EFD8~1.2RE/bin/../lib/gcc/arm-none-eabi/14.2.1/thumb/v7-m/nofp\libc_nano.a(libc_a-exit.o)
                              C:/PROGRA~2/ARMGNU~1/14EFD8~1.2RE/bin/../lib/gcc/arm-none-eabi/14.2.1/thumb/v7-m/nofp/crt0.o (exit)
C:/PROGRA~2/ARMGNU~1/14EFD8~1.2RE/bin/../lib/gcc/arm-none-eabi/14.2.1/thumb/v7-m/nofp\libc_nano.a(libc_a-findfp.o)
                              C:/PROGRA~2/ARMGNU~1/14EFD8~1.2RE/bin/../lib/gcc/arm-none-eabi/14.2.1/thumb/v7-m/nofp\libc_nano.a(libc_a-exit.o) (__stdio_exit_handler)
C:/PROGRA~2/ARMGNU~1/14EFD8~1.2RE/bin/../lib/gcc/arm-none-eabi/14.2.1/thumb/v7-m/nofp\libc_nano.a(libc_a-fwalk.o)
                              C:/PROGRA~2/ARMGNU~1/14EFD8~1.2RE/bin/../lib/gcc/arm-none-eabi/14.2.1/thumb/v7-m/nofp\libc_nano.a(libc_a-findfp.o) (_fwalk_sglue)
C:/PROGRA~2/ARMGNU~1/14EFD8~1.2RE/bin/../lib/gcc/arm-none-eabi/14.2.1/thumb/v7-m/nofp\libc_nano.a(libc_a-stdio.o)
                              C:/PROGRA~2/ARMGNU~1/14EFD8~1.2RE/bin/../lib/gcc/arm-none-eabi/14.2.1/thumb/v7-m/nofp\libc_nano.a(libc_a-findfp.o) (__sread)
C:/PROGRA~2/ARMGNU~1/14EFD8~1.2RE/bin/../lib/gcc/arm-none-eabi/14.2.1/thumb/v7-m/nofp\libc_nano.a(libc_a-memset.o)
                              C:/PROGRA~2/ARMGNU~1/14EFD8~1.2RE/bin/../lib/gcc/arm-none-eabi/14.2.1/thumb/v7-m/nofp/crt0.o (memset)
C:/PROGRA~2/ARMGNU~1/14EFD8~1.2RE/bin/../lib/gcc/arm-none-eabi/14.2.1/thumb/v7-m/nofp\libc_nano.a(libc_a-closer.o)
                              C:/PROGRA~2/ARMGNU~1/14EFD8~1.2RE/bin/../lib/gcc/arm-none-eabi/14.2.1/thumb/v7-m/nofp\libc_nano.a(libc_a-stdio.o) (_close_r)
C:/PROGRA~2/ARMGNU~1/14EFD8~1.2RE/bin/../lib/gcc/arm-none-eabi/14.2.1/thumb/v7-m/nofp\libc_nano.a(libc_a-reent.o)
                              C:/PROGRA~2/ARMGNU~1/14EFD8~1.2RE/bin/../lib/gcc/arm-none-eabi/14.2.1/thumb/v7-m/nofp\libc_nano.a(libc_a-closer.o) (errno)
C:/PROGRA~2/ARMGNU~1/14EFD8~1.2RE/bin/../lib/gcc/arm-none-eabi/14.2.1/thumb/v7-m/nofp\libc_nano.a(libc_a-impure.o)
                              C:/PROGRA~2/ARMGNU~1/14EFD8~1.2RE/bin/../lib/gcc/arm-none-eabi/14.2.1/thumb/v7-m/nofp\libc_nano.a(libc_a-reent.o) (_impure_ptr)
C:/PROGRA~2/ARMGNU~1/14EFD8~1.2RE/bin/../lib/gcc/arm-none-eabi/14.2.1/thumb/v7-m/nofp\libc_nano.a(libc_a-lseekr.o)
                              C:/PROGRA~2/ARMGNU~1/14EFD8~1.2RE/bin/../lib/gcc/arm-none-eabi/14.2.1/thumb/v7-m/nofp\libc_nano.a(libc_a-stdio.o) (_lseek_r)
C:/PROGRA~2/ARMGNU~1/14EFD8~1.2RE/bin/../lib/gcc/arm-none-eabi/14.2.1/thumb/v7-m/nofp\libc_nano.a(libc_a-readr.o)
                              C:/PROGRA~2/ARMGNU~1/14EFD8~1.2RE/bin/../lib/gcc/arm-none-eabi/14.2.1/thumb/v7-m/nofp\libc_nano.a(libc_a-stdio.o) (_read_r)
C:/PROGRA~2/ARMGNU~1/14EFD8~1.2RE/bin/../lib/gcc/arm-none-eabi/14.2.1/thumb/v7-m/nofp\libc_nano.a(libc_a-writer.o)
                              C:/PROGRA~2/ARMGNU~1/14EFD8~1.2RE/bin/../lib/gcc/arm-none-eabi/14.2.1/thumb/v7-m/nofp\libc_nano.a(libc_a-stdio.o) (_write_r)
C:/PROGRA~2/ARMGNU~1/14EFD8~1.2RE/bin/../lib/gcc/arm-none-eabi/14.2.1/thumb/v7-m/nofp\libc_nano.a(libc_a-init.o)
                              C:/PROGRA~2/ARMGNU~1/14EFD8~1.2RE/bin/../lib/gcc/arm-none-eabi/14.2.1/thumb/v7-m/nofp/crt0.o (__libc_init_array)
C:/PROGRA~2/ARMGNU~1/14EFD8~1.2RE/bin/../lib/gcc/arm-none-eabi/14.2.1/thumb/v7-m/nofp\libc_nano.a(libc_a-lock.o)
                              C:/PROGRA~2/ARMGNU~1/14EFD8~1.2RE/bin/../lib/gcc/arm-none-eabi/14.2.1/thumb/v7-m/nofp\libc_nano.a(libc_a-findfp.o) (__retarget_lock_init_recursive)
C:/PROGRA~2/ARMGNU~1/14EFD8~1.2RE/bin/../lib/gcc/arm-none-eabi/14.2.1/thumb/v7-m/nofp\libc_nano.a(libc_a-freer.o)
                              C:/PROGRA~2/ARMGNU~1/14EFD8~1.2RE/bin/../lib/gcc/arm-none-eabi/14.2.1/thumb/v7-m/nofp\libc_nano.a(libc_a-reent.o) (_free_r)
C:/PROGRA~2/ARMGNU~1/14EFD8~1.2RE/bin/../lib/gcc/arm-none-eabi/14.2.1/thumb/v7-m/nofp\libc_nano.a(libc_a-mallocr.o)
                              C:/PROGRA~2/ARMGNU~1/14EFD8~1.2RE/bin/../lib/gcc/arm-none-eabi/14.2.1/thumb/v7-m/nofp\libc_nano.a(libc_a-findfp.o) (_malloc_r)
C:/PROGRA~2/ARMGNU~1/14EFD8~1.2RE/bin/../lib/gcc/arm-none-eabi/14.2.1/thumb/v7-m/nofp\libc_nano.a(libc_a-mlock.o)
                              C:/PROGRA~2/ARMGNU~1/14EFD8~1.2RE/bin/../lib/gcc/arm-none-eabi/14.2.1/thumb/v7-m/nofp\libc_nano.a(libc_a-freer.o) (__malloc_lock)
C:/PROGRA~2/ARMGNU~1/14EFD8~1.2RE/bin/../lib/gcc/arm-none-eabi/14.2.1/thumb/v7-m/nofp\libc_nano.a(libc_a-fflush.o)
                              C:/PROGRA~2/ARMGNU~1/14EFD8~1.2RE/bin/../lib/gcc/arm-none-eabi/14.2.1/thumb/v7-m/nofp\libc_nano.a(libc_a-findfp.o) (_fflush_r)
C:/PROGRA~2/ARMGNU~1/14EFD8~1.2RE/bin/../lib/gcc/arm-none-eabi/14.2.1/thumb/v7-m/nofp\libc_nano.a(libc_a-sbrkr.o)
                              C:/PROGRA~2/ARMGNU~1/14EFD8~1.2RE/bin/../lib/gcc/arm-none-eabi/14.2.1/thumb/v7-m/nofp\libc_nano.a(libc_a-mallocr.o) (_sbrk_r)

Discarded input sections

[...]
Memory Configuration

Name             Origin             Length             Attributes
RAM              0x20000000         0x00005000         xrw
FLASH            0x08000000         0x00010000         xr
*default*        0x00000000         0xffffffff

Linker script and memory map

LOAD C:/PROGRA~2/ARMGNU~1/14EFD8~1.2RE/bin/../lib/gcc/arm-none-eabi/14.2.1/thumb/v7-m/nofp/crti.o
LOAD C:/PROGRA~2/ARMGNU~1/14EFD8~1.2RE/bin/../lib/gcc/arm-none-eabi/14.2.1/thumb/v7-m/nofp/crtbegin.o
LOAD C:/PROGRA~2/ARMGNU~1/14EFD8~1.2RE/bin/../lib/gcc/arm-none-eabi/14.2.1/thumb/v7-m/nofp/crt0.o
START GROUP
LOAD C:/PROGRA~2/ARMGNU~1/14EFD8~1.2RE/bin/../lib/gcc/arm-none-eabi/14.2.1/thumb/v7-m/nofp\libc_nano.a
LOAD C:/PROGRA~2/ARMGNU~1/14EFD8~1.2RE/bin/../lib/gcc/arm-none-eabi/14.2.1/thumb/v7-m/nofp\libm.a
END GROUP
LOAD CMakeFiles/button_matrix.dir/led_toggle.c.obj
LOAD CMakeFiles/button_matrix.dir/stm32f1xx_hal.c.obj
LOAD CMakeFiles/button_matrix.dir/stm32f1xx_hal_gpio.c.obj
LOAD CMakeFiles/button_matrix.dir/startup_stm32f103xb.s.obj
LOAD CMakeFiles/button_matrix.dir/system_stm32f1xx.c.obj
LOAD CMakeFiles/button_matrix.dir/stm32f1xx_hal_cortex.c.obj
START GROUP
LOAD C:/PROGRA~2/ARMGNU~1/14EFD8~1.2RE/bin/../lib/gcc/arm-none-eabi/14.2.1/thumb/v7-m/nofp\libgcc.a
LOAD C:/PROGRA~2/ARMGNU~1/14EFD8~1.2RE/bin/../lib/gcc/arm-none-eabi/14.2.1/thumb/v7-m/nofp\libg_nano.a
LOAD C:/PROGRA~2/ARMGNU~1/14EFD8~1.2RE/bin/../lib/gcc/arm-none-eabi/14.2.1/thumb/v7-m/nofp\libc_nano.a
END GROUP
START GROUP
LOAD C:/PROGRA~2/ARMGNU~1/14EFD8~1.2RE/bin/../lib/gcc/arm-none-eabi/14.2.1/thumb/v7-m/nofp\libgcc.a
LOAD C:/PROGRA~2/ARMGNU~1/14EFD8~1.2RE/bin/../lib/gcc/arm-none-eabi/14.2.1/thumb/v7-m/nofp\libc_nano.a
END GROUP
LOAD C:/PROGRA~2/ARMGNU~1/14EFD8~1.2RE/bin/../lib/gcc/arm-none-eabi/14.2.1/thumb/v7-m/nofp/crtend.o
LOAD C:/PROGRA~2/ARMGNU~1/14EFD8~1.2RE/bin/../lib/gcc/arm-none-eabi/14.2.1/thumb/v7-m/nofp/crtn.o
                0x20005000                        _estack = (ORIGIN (RAM) + LENGTH (RAM))
                0x00000200                        _Min_Heap_Size = 0x200
                0x00000400                        _Min_Stack_Size = 0x400

.isr_vector     0x08000000      0x10c
                0x08000000                        . = ALIGN (0x4)
 *(.isr_vector)
 .isr_vector    0x08000000      0x10c CMakeFiles/button_matrix.dir/startup_stm32f103xb.s.obj
                0x08000000                g_pfnVectors
                0x0800010c                        . = ALIGN (0x4)

.text           0x0800010c      0x88c
                0x0800010c                        . = ALIGN (0x4)
 *(.text)
 *(.text*)
 .text.deregister_tm_clones
                0x0800010c       0x1c C:/PROGRA~2/ARMGNU~1/14EFD8~1.2RE/bin/../lib/gcc/arm-none-eabi/14.2.1/thumb/v7-m/nofp/crtbegin.o
 .text.register_tm_clones
                0x08000128       0x24 C:/PROGRA~2/ARMGNU~1/14EFD8~1.2RE/bin/../lib/gcc/arm-none-eabi/14.2.1/thumb/v7-m/nofp/crtbegin.o
 .text.__do_global_dtors_aux
                0x0800014c       0x28 C:/PROGRA~2/ARMGNU~1/14EFD8~1.2RE/bin/../lib/gcc/arm-none-eabi/14.2.1/thumb/v7-m/nofp/crtbegin.o
 .text.frame_dummy
                0x08000174       0x24 C:/PROGRA~2/ARMGNU~1/14EFD8~1.2RE/bin/../lib/gcc/arm-none-eabi/14.2.1/thumb/v7-m/nofp/crtbegin.o
 .text.__libc_init_array
                0x08000198       0x48 C:/PROGRA~2/ARMGNU~1/14EFD8~1.2RE/bin/../lib/gcc/arm-none-eabi/14.2.1/thumb/v7-m/nofp\libc_nano.a(libc_a-init.o)
                0x08000198                __libc_init_array
 .text.GPIO_Init
                0x080001e0       0x68 CMakeFiles/button_matrix.dir/led_toggle.c.obj
 .text.SystemClock_Config
                0x08000248       0x28 CMakeFiles/button_matrix.dir/led_toggle.c.obj
                0x08000248                SystemClock_Config
 .text.main     0x08000270       0x2c CMakeFiles/button_matrix.dir/led_toggle.c.obj
                0x08000270                main
 .text.SysTick_Handler
                0x0800029c        0xc CMakeFiles/button_matrix.dir/led_toggle.c.obj
                0x0800029c                SysTick_Handler
 .text.HAL_Init
                0x080002a8       0x2c CMakeFiles/button_matrix.dir/stm32f1xx_hal.c.obj
                0x080002a8                HAL_Init
 .text.HAL_MspInit
                0x080002d4        0xc CMakeFiles/button_matrix.dir/stm32f1xx_hal.c.obj
                0x080002d4                HAL_MspInit
 .text.HAL_InitTick
                0x080002e0       0x60 CMakeFiles/button_matrix.dir/stm32f1xx_hal.c.obj
                0x080002e0                HAL_InitTick
 .text.HAL_IncTick
                0x08000340       0x24 CMakeFiles/button_matrix.dir/stm32f1xx_hal.c.obj
                0x08000340                HAL_IncTick
 .text.HAL_GetTick
                0x08000364       0x14 CMakeFiles/button_matrix.dir/stm32f1xx_hal.c.obj
                0x08000364                HAL_GetTick
 .text.HAL_Delay
                0x08000378       0x48 CMakeFiles/button_matrix.dir/stm32f1xx_hal.c.obj
                0x08000378                HAL_Delay
 .text.HAL_GPIO_Init
                0x080003c0      0x308 CMakeFiles/button_matrix.dir/stm32f1xx_hal_gpio.c.obj
                0x080003c0                HAL_GPIO_Init
 .text.HAL_GPIO_WritePin
                0x080006c8       0x30 CMakeFiles/button_matrix.dir/stm32f1xx_hal_gpio.c.obj
                0x080006c8                HAL_GPIO_WritePin
 .text.HAL_GPIO_TogglePin
                0x080006f8       0x30 CMakeFiles/button_matrix.dir/stm32f1xx_hal_gpio.c.obj
                0x080006f8                HAL_GPIO_TogglePin
 .text.Reset_Handler
                0x08000728       0x48 CMakeFiles/button_matrix.dir/startup_stm32f103xb.s.obj
                0x08000728                Reset_Handler
 .text.Default_Handler
                0x08000770        0x2 CMakeFiles/button_matrix.dir/startup_stm32f103xb.s.obj
                0x08000770                RTC_Alarm_IRQHandler
                0x08000770                EXTI2_IRQHandler
                0x08000770                DebugMon_Handler
                0x08000770                TIM1_CC_IRQHandler
                0x08000770                HardFault_Handler
                0x08000770                PVD_IRQHandler
                0x08000770                PendSV_Handler
                0x08000770                NMI_Handler
                0x08000770                EXTI3_IRQHandler
                0x08000770                EXTI0_IRQHandler
                0x08000770                I2C2_EV_IRQHandler
                0x08000770                UsageFault_Handler
                0x08000770                ADC1_2_IRQHandler
                0x08000770                SPI1_IRQHandler
                0x08000770                TAMPER_IRQHandler
                0x08000770                DMA1_Channel4_IRQHandler
                0x08000770                USART3_IRQHandler
                0x08000770                RTC_IRQHandler
                0x08000770                DMA1_Channel7_IRQHandler
                0x08000770                CAN1_RX1_IRQHandler
                0x08000770                TIM4_IRQHandler
                0x08000770                I2C1_EV_IRQHandler
                0x08000770                DMA1_Channel6_IRQHandler
                0x08000770                TIM3_IRQHandler
                0x08000770                RCC_IRQHandler
                0x08000770                TIM1_TRG_COM_IRQHandler
                0x08000770                DMA1_Channel1_IRQHandler
                0x08000770                Default_Handler
                0x08000770                EXTI15_10_IRQHandler
                0x08000770                EXTI9_5_IRQHandler
                0x08000770                SPI2_IRQHandler
                0x08000770                MemManage_Handler
                0x08000770                SVC_Handler
                0x08000770                DMA1_Channel5_IRQHandler
                0x08000770                EXTI4_IRQHandler
                0x08000770                USB_LP_CAN1_RX0_IRQHandler
                0x08000770                USB_HP_CAN1_TX_IRQHandler
                0x08000770                DMA1_Channel3_IRQHandler
                0x08000770                TIM1_UP_IRQHandler
                0x08000770                WWDG_IRQHandler
                0x08000770                TIM2_IRQHandler
                0x08000770                TIM1_BRK_IRQHandler
                0x08000770                EXTI1_IRQHandler
                0x08000770                USART2_IRQHandler
                0x08000770                I2C2_ER_IRQHandler
                0x08000770                DMA1_Channel2_IRQHandler
                0x08000770                CAN1_SCE_IRQHandler
                0x08000770                FLASH_IRQHandler
                0x08000770                BusFault_Handler
                0x08000770                USART1_IRQHandler
                0x08000770                I2C1_ER_IRQHandler
                0x08000770                USBWakeUp_IRQHandler
 .text.SystemInit
                0x08000772        0xc CMakeFiles/button_matrix.dir/system_stm32f1xx.c.obj
                0x08000772                SystemInit
 *fill*         0x0800077e        0x2 
 .text.__NVIC_SetPriorityGrouping
                0x08000780       0x48 CMakeFiles/button_matrix.dir/stm32f1xx_hal_cortex.c.obj
 .text.__NVIC_GetPriorityGrouping
                0x080007c8       0x1c CMakeFiles/button_matrix.dir/stm32f1xx_hal_cortex.c.obj
 .text.__NVIC_SetPriority
                0x080007e4       0x54 CMakeFiles/button_matrix.dir/stm32f1xx_hal_cortex.c.obj
 .text.NVIC_EncodePriority
                0x08000838       0x64 CMakeFiles/button_matrix.dir/stm32f1xx_hal_cortex.c.obj
 .text.SysTick_Config
                0x0800089c       0x44 CMakeFiles/button_matrix.dir/stm32f1xx_hal_cortex.c.obj
 .text.HAL_NVIC_SetPriorityGrouping
                0x080008e0       0x16 CMakeFiles/button_matrix.dir/stm32f1xx_hal_cortex.c.obj
                0x080008e0                HAL_NVIC_SetPriorityGrouping
 .text.HAL_NVIC_SetPriority
                0x080008f6       0x38 CMakeFiles/button_matrix.dir/stm32f1xx_hal_cortex.c.obj
                0x080008f6                HAL_NVIC_SetPriority
 .text.HAL_SYSTICK_Config
                0x0800092e       0x18 CMakeFiles/button_matrix.dir/stm32f1xx_hal_cortex.c.obj
                0x0800092e                HAL_SYSTICK_Config
 *fill*         0x08000946        0x2 
 .text.HAL_SYSTICK_CLKSourceConfig
                0x08000948       0x38 CMakeFiles/button_matrix.dir/stm32f1xx_hal_cortex.c.obj
                0x08000948                HAL_SYSTICK_CLKSourceConfig
 *(.glue_7)
 .glue_7        0x08000980        0x0 linker stubs
 *(.glue_7t)
 .glue_7t       0x08000980        0x0 linker stubs
 *(.eh_frame)
 .eh_frame      0x08000980        0x0 C:/PROGRA~2/ARMGNU~1/14EFD8~1.2RE/bin/../lib/gcc/arm-none-eabi/14.2.1/thumb/v7-m/nofp/crtbegin.o
 *(.init)
 .init          0x08000980        0x4 C:/PROGRA~2/ARMGNU~1/14EFD8~1.2RE/bin/../lib/gcc/arm-none-eabi/14.2.1/thumb/v7-m/nofp/crti.o
                0x08000980                _init
 .init          0x08000984        0x8 C:/PROGRA~2/ARMGNU~1/14EFD8~1.2RE/bin/../lib/gcc/arm-none-eabi/14.2.1/thumb/v7-m/nofp/crtn.o
 *(.fini)
 .fini          0x0800098c        0x4 C:/PROGRA~2/ARMGNU~1/14EFD8~1.2RE/bin/../lib/gcc/arm-none-eabi/14.2.1/thumb/v7-m/nofp/crti.o
                0x0800098c                _fini
 .fini          0x08000990        0x8 C:/PROGRA~2/ARMGNU~1/14EFD8~1.2RE/bin/../lib/gcc/arm-none-eabi/14.2.1/thumb/v7-m/nofp/crtn.o
                0x08000998                        . = ALIGN (0x4)
                0x08000998                        _etext = .

.vfp11_veneer   0x08000998        0x0
 .vfp11_veneer  0x08000998        0x0 linker stubs

.v4_bx          0x08000998        0x0
 .v4_bx         0x08000998        0x0 linker stubs

.iplt           0x08000998        0x0
 .iplt          0x08000998        0x0 C:/PROGRA~2/ARMGNU~1/14EFD8~1.2RE/bin/../lib/gcc/arm-none-eabi/14.2.1/thumb/v7-m/nofp/crtbegin.o

.rodata         0x08000998        0x0
                0x08000998                        . = ALIGN (0x4)
 *(.rodata)
 *(.rodata*)
                0x08000998                        . = ALIGN (0x4)

.ARM.extab      0x08000998        0x0
                0x08000998                        . = ALIGN (0x4)
 *(.ARM.extab* .gnu.linkonce.armextab.*)
                0x08000998                        . = ALIGN (0x4)

.ARM            0x08000998        0x0
                0x08000998                        . = ALIGN (0x4)
                0x08000998                        __exidx_start = .
 *(.ARM.exidx*)
                0x08000998                        __exidx_end = .
                0x08000998                        . = ALIGN (0x4)

.preinit_array  0x08000998        0x0
                0x08000998                        . = ALIGN (0x4)
                0x08000998                        PROVIDE (__preinit_array_start = .)
 *(.preinit_array*)
                0x08000998                        PROVIDE (__preinit_array_end = .)
                0x08000998                        . = ALIGN (0x4)

.init_array     0x08000998        0x4
                0x08000998                        . = ALIGN (0x4)
                0x08000998                        PROVIDE (__init_array_start = .)
 *(SORT_BY_NAME(.init_array.*))
 *(.init_array*)
 .init_array    0x08000998        0x4 C:/PROGRA~2/ARMGNU~1/14EFD8~1.2RE/bin/../lib/gcc/arm-none-eabi/14.2.1/thumb/v7-m/nofp/crtbegin.o
                0x0800099c                        PROVIDE (__init_array_end = .)
                0x0800099c                        . = ALIGN (0x4)

.fini_array     0x0800099c        0x4
                0x0800099c                        . = ALIGN (0x4)
                [!provide]                        PROVIDE (__fini_array_start = .)
 *(SORT_BY_NAME(.fini_array.*))
 *(.fini_array*)
 .fini_array    0x0800099c        0x4 C:/PROGRA~2/ARMGNU~1/14EFD8~1.2RE/bin/../lib/gcc/arm-none-eabi/14.2.1/thumb/v7-m/nofp/crtbegin.o
                [!provide]                        PROVIDE (__fini_array_end = .)
                0x080009a0                        . = ALIGN (0x4)
                0x080009a0                        _sidata = LOADADDR (.data)

.rel.dyn        0x080009a0        0x0
 .rel.iplt      0x080009a0        0x0 C:/PROGRA~2/ARMGNU~1/14EFD8~1.2RE/bin/../lib/gcc/arm-none-eabi/14.2.1/thumb/v7-m/nofp/crtbegin.o

.data           0x20000000        0xc load address 0x080009a0
                0x20000000                        . = ALIGN (0x4)
                0x20000000                        _sdata = .
 *(.data)
 *(.data*)
 .data.uwTickPrio
                0x20000000        0x4 CMakeFiles/button_matrix.dir/stm32f1xx_hal.c.obj
                0x20000000                uwTickPrio
 .data.uwTickFreq
                0x20000004        0x1 CMakeFiles/button_matrix.dir/stm32f1xx_hal.c.obj
                0x20000004                uwTickFreq
 *fill*         0x20000005        0x3 
 .data.SystemCoreClock
                0x20000008        0x4 CMakeFiles/button_matrix.dir/system_stm32f1xx.c.obj
                0x20000008                SystemCoreClock
 *(.RamFunc)
 *(.RamFunc*)
                0x2000000c                        . = ALIGN (0x4)
                0x2000000c                        _edata = .

.tm_clone_table
                0x2000000c        0x0 load address 0x080009ac
 .tm_clone_table
                0x2000000c        0x0 C:/PROGRA~2/ARMGNU~1/14EFD8~1.2RE/bin/../lib/gcc/arm-none-eabi/14.2.1/thumb/v7-m/nofp/crtbegin.o
 .tm_clone_table
                0x2000000c        0x0 C:/PROGRA~2/ARMGNU~1/14EFD8~1.2RE/bin/../lib/gcc/arm-none-eabi/14.2.1/thumb/v7-m/nofp/crtend.o

.igot.plt       0x2000000c        0x0 load address 0x080009ac
 .igot.plt      0x2000000c        0x0 C:/PROGRA~2/ARMGNU~1/14EFD8~1.2RE/bin/../lib/gcc/arm-none-eabi/14.2.1/thumb/v7-m/nofp/crtbegin.o
                0x2000000c                        . = ALIGN (0x4)

.bss            0x2000000c       0x20 load address 0x080009ac
                0x2000000c                        _sbss = .
                0x2000000c                        __bss_start__ = _sbss
 *(.bss)
 *(.bss*)
 .bss.completed.1
                0x2000000c        0x1 C:/PROGRA~2/ARMGNU~1/14EFD8~1.2RE/bin/../lib/gcc/arm-none-eabi/14.2.1/thumb/v7-m/nofp/crtbegin.o
 *fill*         0x2000000d        0x3 
 .bss.object.0  0x20000010       0x18 C:/PROGRA~2/ARMGNU~1/14EFD8~1.2RE/bin/../lib/gcc/arm-none-eabi/14.2.1/thumb/v7-m/nofp/crtbegin.o
 .bss.uwTick    0x20000028        0x4 CMakeFiles/button_matrix.dir/stm32f1xx_hal.c.obj
                0x20000028                uwTick
 *(COMMON)
                0x2000002c                        . = ALIGN (0x4)
                0x2000002c                        _ebss = .
                0x2000002c                        __bss_end__ = _ebss

._user_heap_stack
                0x2000002c      0x604 load address 0x080009ac
                0x20000030                        . = ALIGN (0x8)
 *fill*         0x2000002c        0x4 
                [!provide]                        PROVIDE (end = .)
                [!provide]                        PROVIDE (_end = .)
                0x20000230                        . = (. + _Min_Heap_Size)
 *fill*         0x20000030      0x200 
                0x20000630                        . = (. + _Min_Stack_Size)
 *fill*         0x20000230      0x400 
                0x20000630                        . = ALIGN (0x8)

/DISCARD/
 libc.a(*)
 libm.a(*)
 libgcc.a(*)
OUTPUT(button_matrix.elf elf32-littlearm)
LOAD linker stubs
LOAD C:/PROGRA~2/ARMGNU~1/14EFD8~1.2RE/bin/../lib/gcc/arm-none-eabi/14.2.1/thumb/v7-m/nofp\libc.a
LOAD C:/PROGRA~2/ARMGNU~1/14EFD8~1.2RE/bin/../lib/gcc/arm-none-eabi/14.2.1/thumb/v7-m/nofp\libm.a
LOAD C:/PROGRA~2/ARMGNU~1/14EFD8~1.2RE/bin/../lib/gcc/arm-none-eabi/14.2.1/thumb/v7-m/nofp\libgcc.a

.ARM.attributes
                0x00000000       0x29
 .ARM.attributes
                0x00000000       0x1d C:/PROGRA~2/ARMGNU~1/14EFD8~1.2RE/bin/../lib/gcc/arm-none-eabi/14.2.1/thumb/v7-m/nofp/crti.o
 .ARM.attributes
                0x0000001d       0x2d C:/PROGRA~2/ARMGNU~1/14EFD8~1.2RE/bin/../lib/gcc/arm-none-eabi/14.2.1/thumb/v7-m/nofp/crtbegin.o
 .ARM.attributes
                0x0000004a       0x2d C:/PROGRA~2/ARMGNU~1/14EFD8~1.2RE/bin/../lib/gcc/arm-none-eabi/14.2.1/thumb/v7-m/nofp\libc_nano.a(libc_a-init.o)
 .ARM.attributes
                0x00000077       0x2d CMakeFiles/button_matrix.dir/led_toggle.c.obj
 .ARM.attributes
                0x000000a4       0x2d CMakeFiles/button_matrix.dir/stm32f1xx_hal.c.obj
 .ARM.attributes
                0x000000d1       0x2d CMakeFiles/button_matrix.dir/stm32f1xx_hal_gpio.c.obj
 .ARM.attributes
                0x000000fe       0x21 CMakeFiles/button_matrix.dir/startup_stm32f103xb.s.obj
 .ARM.attributes
                0x0000011f       0x2d CMakeFiles/button_matrix.dir/system_stm32f1xx.c.obj
 .ARM.attributes
                0x0000014c       0x2d CMakeFiles/button_matrix.dir/stm32f1xx_hal_cortex.c.obj
 .ARM.attributes
                0x00000179       0x2d C:/PROGRA~2/ARMGNU~1/14EFD8~1.2RE/bin/../lib/gcc/arm-none-eabi/14.2.1/thumb/v7-m/nofp/crtend.o
 .ARM.attributes
                0x000001a6       0x1d C:/PROGRA~2/ARMGNU~1/14EFD8~1.2RE/bin/../lib/gcc/arm-none-eabi/14.2.1/thumb/v7-m/nofp/crtn.o

.comment        0x00000000       0x45
 .comment       0x00000000       0x45 CMakeFiles/button_matrix.dir/led_toggle.c.obj
                                 0x46 (size before relaxing)
 .comment       0x00000045       0x46 CMakeFiles/button_matrix.dir/stm32f1xx_hal.c.obj
 .comment       0x00000045       0x46 CMakeFiles/button_matrix.dir/stm32f1xx_hal_gpio.c.obj
 .comment       0x00000045       0x46 CMakeFiles/button_matrix.dir/system_stm32f1xx.c.obj
 .comment       0x00000045       0x46 CMakeFiles/button_matrix.dir/stm32f1xx_hal_cortex.c.obj

.debug_frame    0x00000000      0x9b4
 .debug_frame   0x00000000       0x2c C:/PROGRA~2/ARMGNU~1/14EFD8~1.2RE/bin/../lib/gcc/arm-none-eabi/14.2.1/thumb/v7-m/nofp\libc_nano.a(libc_a-init.o)
 .debug_frame   0x0000002c       0x88 CMakeFiles/button_matrix.dir/led_toggle.c.obj
 .debug_frame   0x000000b4      0x334 CMakeFiles/button_matrix.dir/stm32f1xx_hal.c.obj
 .debug_frame   0x000003e8      0x14c CMakeFiles/button_matrix.dir/stm32f1xx_hal_gpio.c.obj
 .debug_frame   0x00000534       0x58 CMakeFiles/button_matrix.dir/system_stm32f1xx.c.obj
 .debug_frame   0x0000058c      0x428 CMakeFiles/button_matrix.dir/stm32f1xx_hal_cortex.c.obj

.debug_info     0x00000000     0x1cb1
 .debug_info    0x00000000      0x355 CMakeFiles/button_matrix.dir/led_toggle.c.obj
 .debug_info    0x00000355      0x6ee CMakeFiles/button_matrix.dir/stm32f1xx_hal.c.obj
 .debug_info    0x00000a43      0x59c CMakeFiles/button_matrix.dir/stm32f1xx_hal_gpio.c.obj
 .debug_info    0x00000fdf       0x30 CMakeFiles/button_matrix.dir/startup_stm32f103xb.s.obj
 .debug_info    0x0000100f      0x21b CMakeFiles/button_matrix.dir/system_stm32f1xx.c.obj
 .debug_info    0x0000122a      0xa87 CMakeFiles/button_matrix.dir/stm32f1xx_hal_cortex.c.obj

.debug_abbrev   0x00000000      0xa0c
 .debug_abbrev  0x00000000      0x1d3 CMakeFiles/button_matrix.dir/led_toggle.c.obj
 .debug_abbrev  0x000001d3      0x214 CMakeFiles/button_matrix.dir/stm32f1xx_hal.c.obj
 .debug_abbrev  0x000003e7      0x1ca CMakeFiles/button_matrix.dir/stm32f1xx_hal_gpio.c.obj
 .debug_abbrev  0x000005b1       0x24 CMakeFiles/button_matrix.dir/startup_stm32f103xb.s.obj
 .debug_abbrev  0x000005d5      0x13f CMakeFiles/button_matrix.dir/system_stm32f1xx.c.obj
 .debug_abbrev  0x00000714      0x2f8 CMakeFiles/button_matrix.dir/stm32f1xx_hal_cortex.c.obj

.debug_aranges  0x00000000      0x2c0
 .debug_aranges
                0x00000000       0x38 CMakeFiles/button_matrix.dir/led_toggle.c.obj
 .debug_aranges
                0x00000038       0xe0 CMakeFiles/button_matrix.dir/stm32f1xx_hal.c.obj
 .debug_aranges
                0x00000118       0x58 CMakeFiles/button_matrix.dir/stm32f1xx_hal_gpio.c.obj
 .debug_aranges
                0x00000170       0x28 CMakeFiles/button_matrix.dir/startup_stm32f103xb.s.obj
 .debug_aranges
                0x00000198       0x28 CMakeFiles/button_matrix.dir/system_stm32f1xx.c.obj
 .debug_aranges
                0x000001c0      0x100 CMakeFiles/button_matrix.dir/stm32f1xx_hal_cortex.c.obj

.debug_rnglists
                0x00000000      0x1f5
 .debug_rnglists
                0x00000000       0x25 CMakeFiles/button_matrix.dir/led_toggle.c.obj
 .debug_rnglists
                0x00000025       0xa3 CMakeFiles/button_matrix.dir/stm32f1xx_hal.c.obj
 .debug_rnglists
                0x000000c8       0x3f CMakeFiles/button_matrix.dir/stm32f1xx_hal_gpio.c.obj
 .debug_rnglists
                0x00000107       0x19 CMakeFiles/button_matrix.dir/startup_stm32f103xb.s.obj
 .debug_rnglists
                0x00000120       0x1a CMakeFiles/button_matrix.dir/system_stm32f1xx.c.obj
 .debug_rnglists
                0x0000013a       0xbb CMakeFiles/button_matrix.dir/stm32f1xx_hal_cortex.c.obj

.debug_macro    0x00000000    0x18153
 .debug_macro   0x00000000      0x2c7 CMakeFiles/button_matrix.dir/led_toggle.c.obj
 .debug_macro   0x000002c7      0xacc CMakeFiles/button_matrix.dir/led_toggle.c.obj
 .debug_macro   0x00000d93      0x2c7 CMakeFiles/button_matrix.dir/led_toggle.c.obj
 .debug_macro   0x0000105a       0x2e CMakeFiles/button_matrix.dir/led_toggle.c.obj
 .debug_macro   0x00001088       0x22 CMakeFiles/button_matrix.dir/led_toggle.c.obj
 .debug_macro   0x000010aa       0x22 CMakeFiles/button_matrix.dir/led_toggle.c.obj
 .debug_macro   0x000010cc       0x8e CMakeFiles/button_matrix.dir/led_toggle.c.obj
 .debug_macro   0x0000115a       0x51 CMakeFiles/button_matrix.dir/led_toggle.c.obj
 .debug_macro   0x000011ab      0x103 CMakeFiles/button_matrix.dir/led_toggle.c.obj
 .debug_macro   0x000012ae       0x6a CMakeFiles/button_matrix.dir/led_toggle.c.obj
 .debug_macro   0x00001318      0x1df CMakeFiles/button_matrix.dir/led_toggle.c.obj
 .debug_macro   0x000014f7       0x1c CMakeFiles/button_matrix.dir/led_toggle.c.obj
 .debug_macro   0x00001513       0x22 CMakeFiles/button_matrix.dir/led_toggle.c.obj
 .debug_macro   0x00001535       0xbd CMakeFiles/button_matrix.dir/led_toggle.c.obj
 .debug_macro   0x000015f2      0xd23 CMakeFiles/button_matrix.dir/led_toggle.c.obj
 .debug_macro   0x00002315     0xe09e CMakeFiles/button_matrix.dir/led_toggle.c.obj
 .debug_macro   0x000103b3       0x6d CMakeFiles/button_matrix.dir/led_toggle.c.obj
 .debug_macro   0x00010420     0x34a2 CMakeFiles/button_matrix.dir/led_toggle.c.obj
 .debug_macro   0x000138c2      0x190 CMakeFiles/button_matrix.dir/led_toggle.c.obj
 .debug_macro   0x00013a52       0x5c CMakeFiles/button_matrix.dir/led_toggle.c.obj
 .debug_macro   0x00013aae      0x5bc CMakeFiles/button_matrix.dir/led_toggle.c.obj
 .debug_macro   0x0001406a      0x289 CMakeFiles/button_matrix.dir/led_toggle.c.obj
 .debug_macro   0x000142f3      0x1cb CMakeFiles/button_matrix.dir/led_toggle.c.obj
 .debug_macro   0x000144be      0x10e CMakeFiles/button_matrix.dir/led_toggle.c.obj
 .debug_macro   0x000145cc      0x1b2 CMakeFiles/button_matrix.dir/led_toggle.c.obj
 .debug_macro   0x0001477e       0x27 CMakeFiles/button_matrix.dir/led_toggle.c.obj
 .debug_macro   0x000147a5      0x136 CMakeFiles/button_matrix.dir/led_toggle.c.obj
 .debug_macro   0x000148db      0x1bc CMakeFiles/button_matrix.dir/led_toggle.c.obj
 .debug_macro   0x00014a97       0x34 CMakeFiles/button_matrix.dir/led_toggle.c.obj
 .debug_macro   0x00014acb       0x3c CMakeFiles/button_matrix.dir/led_toggle.c.obj
 .debug_macro   0x00014b07      0x408 CMakeFiles/button_matrix.dir/led_toggle.c.obj
 .debug_macro   0x00014f0f       0x57 CMakeFiles/button_matrix.dir/led_toggle.c.obj
 .debug_macro   0x00014f66      0x46a CMakeFiles/button_matrix.dir/led_toggle.c.obj
 .debug_macro   0x000153d0      0x1b5 CMakeFiles/button_matrix.dir/led_toggle.c.obj
 .debug_macro   0x00015585       0x22 CMakeFiles/button_matrix.dir/led_toggle.c.obj
 .debug_macro   0x000155a7       0x87 CMakeFiles/button_matrix.dir/led_toggle.c.obj
 .debug_macro   0x0001562e      0x240 CMakeFiles/button_matrix.dir/led_toggle.c.obj
 .debug_macro   0x0001586e      0x287 CMakeFiles/button_matrix.dir/led_toggle.c.obj
 .debug_macro   0x00015af5       0x78 CMakeFiles/button_matrix.dir/led_toggle.c.obj
 .debug_macro   0x00015b6d      0x140 CMakeFiles/button_matrix.dir/led_toggle.c.obj
 .debug_macro   0x00015cad      0x1ef CMakeFiles/button_matrix.dir/led_toggle.c.obj
 .debug_macro   0x00015e9c       0xeb CMakeFiles/button_matrix.dir/led_toggle.c.obj
 .debug_macro   0x00015f87      0x217 CMakeFiles/button_matrix.dir/led_toggle.c.obj
 .debug_macro   0x0001619e      0x8ed CMakeFiles/button_matrix.dir/led_toggle.c.obj
 .debug_macro   0x00016a8b      0x28e CMakeFiles/button_matrix.dir/led_toggle.c.obj
 .debug_macro   0x00016d19      0x217 CMakeFiles/button_matrix.dir/led_toggle.c.obj
 .debug_macro   0x00016f30      0x1a7 CMakeFiles/button_matrix.dir/led_toggle.c.obj
 .debug_macro   0x000170d7      0x2cd CMakeFiles/button_matrix.dir/led_toggle.c.obj
 .debug_macro   0x000173a4       0x8d CMakeFiles/button_matrix.dir/led_toggle.c.obj
 .debug_macro   0x00017431       0xb7 CMakeFiles/button_matrix.dir/led_toggle.c.obj
 .debug_macro   0x000174e8      0x242 CMakeFiles/button_matrix.dir/led_toggle.c.obj
 .debug_macro   0x0001772a       0x83 CMakeFiles/button_matrix.dir/led_toggle.c.obj
 .debug_macro   0x000177ad      0x2eb CMakeFiles/button_matrix.dir/stm32f1xx_hal.c.obj
 .debug_macro   0x00017a98      0x332 CMakeFiles/button_matrix.dir/stm32f1xx_hal_gpio.c.obj
 .debug_macro   0x00017dca       0xc2 CMakeFiles/button_matrix.dir/system_stm32f1xx.c.obj
 .debug_macro   0x00017e8c      0x2c7 CMakeFiles/button_matrix.dir/stm32f1xx_hal_cortex.c.obj

.debug_line     0x00000000     0x2ccc
 .debug_line    0x00000000      0x7fa CMakeFiles/button_matrix.dir/led_toggle.c.obj
 .debug_line    0x000007fa      0xa41 CMakeFiles/button_matrix.dir/stm32f1xx_hal.c.obj
 .debug_line    0x0000123b      0xaa5 CMakeFiles/button_matrix.dir/stm32f1xx_hal_gpio.c.obj
 .debug_line    0x00001ce0       0x78 CMakeFiles/button_matrix.dir/startup_stm32f103xb.s.obj
 .debug_line    0x00001d58      0x363 CMakeFiles/button_matrix.dir/system_stm32f1xx.c.obj
 .debug_line    0x000020bb      0xc11 CMakeFiles/button_matrix.dir/stm32f1xx_hal_cortex.c.obj

.debug_str      0x00000000    0x97157
 .debug_str     0x00000000    0x97157 CMakeFiles/button_matrix.dir/led_toggle.c.obj
                              0x967ad (size before relaxing)
 .debug_str     0x00097157    0x96db0 CMakeFiles/button_matrix.dir/stm32f1xx_hal.c.obj
 .debug_str     0x00097157    0x96a10 CMakeFiles/button_matrix.dir/stm32f1xx_hal_gpio.c.obj
 .debug_str     0x00097157       0x9c CMakeFiles/button_matrix.dir/startup_stm32f103xb.s.obj
 .debug_str     0x00097157    0x54750 CMakeFiles/button_matrix.dir/system_stm32f1xx.c.obj
 .debug_str     0x00097157    0x96d09 CMakeFiles/button_matrix.dir/stm32f1xx_hal_cortex.c.obj

.debug_line_str
                0x00000000       0x80
 .debug_line_str
                0x00000000       0x80 CMakeFiles/button_matrix.dir/startup_stm32f103xb.s.obj
