Archive member included to satisfy reference by file (symbol)

C:/PROGRA~2/ARMGNU~1/14EFD8~1.2RE/bin/../lib/gcc/arm-none-eabi/14.2.1/thumb/v7-m/nofp\libc_nano.a(libc_a-exit.o)
                              C:/PROGRA~2/ARMGNU~1/14EFD8~1.2RE/bin/../lib/gcc/arm-none-eabi/14.2.1/thumb/v7-m/nofp/crt0.o (exit)
C:/PROGRA~2/ARMGNU~1/14EFD8~1.2RE/bin/../lib/gcc/arm-none-eabi/14.2.1/thumb/v7-m/nofp\libc_nano.a(libc_a-findfp.o)
                              C:/PROGRA~2/ARMGNU~1/14EFD8~1.2RE/bin/../lib/gcc/arm-none-eabi/14.2.1/thumb/v7-m/nofp\libc_nano.a(libc_a-exit.o) (__stdio_exit_handler)
C:/PROGRA~2/ARMGNU~1/14EFD8~1.2RE/bin/../lib/gcc/arm-none-eabi/14.2.1/thumb/v7-m/nofp\libc_nano.a(libc_a-fwalk.o)
                              C:/PROGRA~2/ARMGNU~1/14EFD8~1.2RE/bin/../lib/gcc/arm-none-eabi/14.2.1/thumb/v7-m/nofp\libc_nano.a(libc_a-findfp.o) (_fwalk_sglue)
C:/PROGRA~2/ARMGNU~1/14EFD8~1.2RE/bin/../lib/gcc/arm-none-eabi/14.2.1/thumb/v7-m/nofp\libc_nano.a(libc_a-stdio.o)
                              C:/PROGRA~2/ARMGNU~1/14EFD8~1.2RE/bin/../lib/gcc/arm-none-eabi/14.2.1/thumb/v7-m/nofp\libc_nano.a(libc_a-findfp.o) (__sread)
C:/PROGRA~2/ARMGNU~1/14EFD8~1.2RE/bin/../lib/gcc/arm-none-eabi/14.2.1/thumb/v7-m/nofp\libc_nano.a(libc_a-memset.o)
                              C:/PROGRA~2/ARMGNU~1/14EFD8~1.2RE/bin/../lib/gcc/arm-none-eabi/14.2.1/thumb/v7-m/nofp/crt0.o (memset)
C:/PROGRA~2/ARMGNU~1/14EFD8~1.2RE/bin/../lib/gcc/arm-none-eabi/14.2.1/thumb/v7-m/nofp\libc_nano.a(libc_a-closer.o)
                              C:/PROGRA~2/ARMGNU~1/14EFD8~1.2RE/bin/../lib/gcc/arm-none-eabi/14.2.1/thumb/v7-m/nofp\libc_nano.a(libc_a-stdio.o) (_close_r)
C:/PROGRA~2/ARMGNU~1/14EFD8~1.2RE/bin/../lib/gcc/arm-none-eabi/14.2.1/thumb/v7-m/nofp\libc_nano.a(libc_a-reent.o)
                              C:/PROGRA~2/ARMGNU~1/14EFD8~1.2RE/bin/../lib/gcc/arm-none-eabi/14.2.1/thumb/v7-m/nofp\libc_nano.a(libc_a-closer.o) (errno)
C:/PROGRA~2/ARMGNU~1/14EFD8~1.2RE/bin/../lib/gcc/arm-none-eabi/14.2.1/thumb/v7-m/nofp\libc_nano.a(libc_a-impure.o)
                              C:/PROGRA~2/ARMGNU~1/14EFD8~1.2RE/bin/../lib/gcc/arm-none-eabi/14.2.1/thumb/v7-m/nofp\libc_nano.a(libc_a-reent.o) (_impure_ptr)
C:/PROGRA~2/ARMGNU~1/14EFD8~1.2RE/bin/../lib/gcc/arm-none-eabi/14.2.1/thumb/v7-m/nofp\libc_nano.a(libc_a-lseekr.o)
                              C:/PROGRA~2/ARMGNU~1/14EFD8~1.2RE/bin/../lib/gcc/arm-none-eabi/14.2.1/thumb/v7-m/nofp\libc_nano.a(libc_a-stdio.o) (_lseek_r)
C:/PROGRA~2/ARMGNU~1/14EFD8~1.2RE/bin/../lib/gcc/arm-none-eabi/14.2.1/thumb/v7-m/nofp\libc_nano.a(libc_a-readr.o)
                              C:/PROGRA~2/ARMGNU~1/14EFD8~1.2RE/bin/../lib/gcc/arm-none-eabi/14.2.1/thumb/v7-m/nofp\libc_nano.a(libc_a-stdio.o) (_read_r)
C:/PROGRA~2/ARMGNU~1/14EFD8~1.2RE/bin/../lib/gcc/arm-none-eabi/14.2.1/thumb/v7-m/nofp\libc_nano.a(libc_a-writer.o)
                              C:/PROGRA~2/ARMGNU~1/14EFD8~1.2RE/bin/../lib/gcc/arm-none-eabi/14.2.1/thumb/v7-m/nofp\libc_nano.a(libc_a-stdio.o) (_write_r)
C:/PROGRA~2/ARMGNU~1/14EFD8~1.2RE/bin/../lib/gcc/arm-none-eabi/14.2.1/thumb/v7-m/nofp\libc_nano.a(libc_a-init.o)
                              C:/PROGRA~2/ARMGNU~1/14EFD8~1.2RE/bin/../lib/gcc/arm-none-eabi/14.2.1/thumb/v7-m/nofp/crt0.o (__libc_init_array)
C:/PROGRA~2/ARMGNU~1/14EFD8~1.2RE/bin/../lib/gcc/arm-none-eabi/14.2.1/thumb/v7-m/nofp\libc_nano.a(libc_a-lock.o)
                              C:/PROGRA~2/ARMGNU~1/14EFD8~1.2RE/bin/../lib/gcc/arm-none-eabi/14.2.1/thumb/v7-m/nofp\libc_nano.a(libc_a-findfp.o) (__retarget_lock_init_recursive)
C:/PROGRA~2/ARMGNU~1/14EFD8~1.2RE/bin/../lib/gcc/arm-none-eabi/14.2.1/thumb/v7-m/nofp\libc_nano.a(libc_a-freer.o)
                              C:/PROGRA~2/ARMGNU~1/14EFD8~1.2RE/bin/../lib/gcc/arm-none-eabi/14.2.1/thumb/v7-m/nofp\libc_nano.a(libc_a-reent.o) (_free_r)
C:/PROGRA~2/ARMGNU~1/14EFD8~1.2RE/bin/../lib/gcc/arm-none-eabi/14.2.1/thumb/v7-m/nofp\libc_nano.a(libc_a-mallocr.o)
                              C:/PROGRA~2/ARMGNU~1/14EFD8~1.2RE/bin/../lib/gcc/arm-none-eabi/14.2.1/thumb/v7-m/nofp\libc_nano.a(libc_a-findfp.o) (_malloc_r)
C:/PROGRA~2/ARMGNU~1/14EFD8~1.2RE/bin/../lib/gcc/arm-none-eabi/14.2.1/thumb/v7-m/nofp\libc_nano.a(libc_a-mlock.o)
                              C:/PROGRA~2/ARMGNU~1/14EFD8~1.2RE/bin/../lib/gcc/arm-none-eabi/14.2.1/thumb/v7-m/nofp\libc_nano.a(libc_a-freer.o) (__malloc_lock)
C:/PROGRA~2/ARMGNU~1/14EFD8~1.2RE/bin/../lib/gcc/arm-none-eabi/14.2.1/thumb/v7-m/nofp\libc_nano.a(libc_a-fflush.o)
                              C:/PROGRA~2/ARMGNU~1/14EFD8~1.2RE/bin/../lib/gcc/arm-none-eabi/14.2.1/thumb/v7-m/nofp\libc_nano.a(libc_a-findfp.o) (_fflush_r)
C:/PROGRA~2/ARMGNU~1/14EFD8~1.2RE/bin/../lib/gcc/arm-none-eabi/14.2.1/thumb/v7-m/nofp\libc_nano.a(libc_a-sbrkr.o)
                              C:/PROGRA~2/ARMGNU~1/14EFD8~1.2RE/bin/../lib/gcc/arm-none-eabi/14.2.1/thumb/v7-m/nofp\libc_nano.a(libc_a-mallocr.o) (_sbrk_r)

Discarded input sections

[...]
Memory Configuration

Name             Origin             Length             Attributes
RAM              0x20000000         0x00005000         xrw
FLASH            0x08000000         0x00010000         xr
*default*        0x00000000         0xffffffff

Linker script and memory map

LOAD C:/PROGRA~2/ARMGNU~1/14EFD8~1.2RE/bin/../lib/gcc/arm-none-eabi/14.2.1/thumb/v7-m/nofp/crti.o
LOAD C:/PROGRA~2/ARMGNU~1/14EFD8~1.2RE/bin/../lib/gcc/arm-none-eabi/14.2.1/thumb/v7-m/nofp/crtbegin.o
LOAD C:/PROGRA~2/ARMGNU~1/14EFD8~1.2RE/bin/../lib/gcc/arm-none-eabi/14.2.1/thumb/v7-m/nofp/crt0.o
START GROUP
LOAD C:/PROGRA~2/ARMGNU~1/14EFD8~1.2RE/bin/../lib/gcc/arm-none-eabi/14.2.1/thumb/v7-m/nofp\libc_nano.a
LOAD C:/PROGRA~2/ARMGNU~1/14EFD8~1.2RE/bin/../lib/gcc/arm-none-eabi/14.2.1/thumb/v7-m/nofp\libm.a
END GROUP
LOAD CMakeFiles/button_matrix.dir/task5_buttonmatrix.c.obj
LOAD CMakeFiles/button_matrix.dir/stm32f1xx_hal.c.obj
LOAD CMakeFiles/button_matrix.dir/stm32f1xx_hal_gpio.c.obj
LOAD CMakeFiles/button_matrix.dir/startup_stm32f103xb.s.obj
LOAD CMakeFiles/button_matrix.dir/system_stm32f1xx.c.obj
LOAD CMakeFiles/button_matrix.dir/stm32f1xx_hal_cortex.c.obj
START GROUP
LOAD C:/PROGRA~2/ARMGNU~1/14EFD8~1.2RE/bin/../lib/gcc/arm-none-eabi/14.2.1/thumb/v7-m/nofp\libgcc.a
LOAD C:/PROGRA~2/ARMGNU~1/14EFD8~1.2RE/bin/../lib/gcc/arm-none-eabi/14.2.1/thumb/v7-m/nofp\libg_nano.a
LOAD C:/PROGRA~2/ARMGNU~1/14EFD8~1.2RE/bin/../lib/gcc/arm-none-eabi/14.2.1/thumb/v7-m/nofp\libc_nano.a
END GROUP
START GROUP
LOAD C:/PROGRA~2/ARMGNU~1/14EFD8~1.2RE/bin/../lib/gcc/arm-none-eabi/14.2.1/thumb/v7-m/nofp\libgcc.a
LOAD C:/PROGRA~2/ARMGNU~1/14EFD8~1.2RE/bin/../lib/gcc/arm-none-eabi/14.2.1/thumb/v7-m/nofp\libc_nano.a
END GROUP
LOAD C:/PROGRA~2/ARMGNU~1/14EFD8~1.2RE/bin/../lib/gcc/arm-none-eabi/14.2.1/thumb/v7-m/nofp/crtend.o
LOAD C:/PROGRA~2/ARMGNU~1/14EFD8~1.2RE/bin/../lib/gcc/arm-none-eabi/14.2.1/thumb/v7-m/nofp/crtn.o
                0x20005000                        _estack = (ORIGIN (RAM) + LENGTH (RAM))
                0x00000200                        _Min_Heap_Size = 0x200
                0x00000400                        _Min_Stack_Size = 0x400

.isr_vector     0x08000000      0x10c
                0x08000000                        . = ALIGN (0x4)
 *(.isr_vector)
 .isr_vector    0x08000000      0x10c CMakeFiles/button_matrix.dir/startup_stm32f103xb.s.obj
                0x08000000                g_pfnVectors
                0x0800010c                        . = ALIGN (0x4)

.text           0x0800010c      0x9f4
                0x0800010c                        . = ALIGN (0x4)
 *(.text)
 *(.text*)
 .text.deregister_tm_clones
                0x0800010c       0x1c C:/PROGRA~2/ARMGNU~1/14EFD8~1.2RE/bin/../lib/gcc/arm-none-eabi/14.2.1/thumb/v7-m/nofp/crtbegin.o
 .text.register_tm_clones
                0x08000128       0x24 C:/PROGRA~2/ARMGNU~1/14EFD8~1.2RE/bin/../lib/gcc/arm-none-eabi/14.2.1/thumb/v7-m/nofp/crtbegin.o
 .text.__do_global_dtors_aux
                0x0800014c       0x28 C:/PROGRA~2/ARMGNU~1/14EFD8~1.2RE/bin/../lib/gcc/arm-none-eabi/14.2.1/thumb/v7-m/nofp/crtbegin.o
 .text.frame_dummy
                0x08000174       0x24 C:/PROGRA~2/ARMGNU~1/14EFD8~1.2RE/bin/../lib/gcc/arm-none-eabi/14.2.1/thumb/v7-m/nofp/crtbegin.o
 .text.__libc_init_array
                0x08000198       0x48 C:/PROGRA~2/ARMGNU~1/14EFD8~1.2RE/bin/../lib/gcc/arm-none-eabi/14.2.1/thumb/v7-m/nofp\libc_nano.a(libc_a-init.o)
                0x08000198                __libc_init_array
 .text.KEYPAD_2x2_Scan
                0x080001e0       0xd4 CMakeFiles/button_matrix.dir/task5_buttonmatrix.c.obj
                0x080001e0                KEYPAD_2x2_Scan
 .text.GPIO_Init
                0x080002b4      0x120 CMakeFiles/button_matrix.dir/task5_buttonmatrix.c.obj
 .text.SysTick_Handler
                0x080003d4        0xc CMakeFiles/button_matrix.dir/task5_buttonmatrix.c.obj
                0x080003d4                SysTick_Handler
 .text.main     0x080003e0       0x38 CMakeFiles/button_matrix.dir/task5_buttonmatrix.c.obj
                0x080003e0                main
 .text.HAL_Init
                0x08000418       0x2c CMakeFiles/button_matrix.dir/stm32f1xx_hal.c.obj
                0x08000418                HAL_Init
 .text.HAL_MspInit
                0x08000444        0xc CMakeFiles/button_matrix.dir/stm32f1xx_hal.c.obj
                0x08000444                HAL_MspInit
 .text.HAL_InitTick
                0x08000450       0x60 CMakeFiles/button_matrix.dir/stm32f1xx_hal.c.obj
                0x08000450                HAL_InitTick
 .text.HAL_IncTick
                0x080004b0       0x24 CMakeFiles/button_matrix.dir/stm32f1xx_hal.c.obj
                0x080004b0                HAL_IncTick
 .text.HAL_GetTick
                0x080004d4       0x14 CMakeFiles/button_matrix.dir/stm32f1xx_hal.c.obj
                0x080004d4                HAL_GetTick
 .text.HAL_Delay
                0x080004e8       0x48 CMakeFiles/button_matrix.dir/stm32f1xx_hal.c.obj
                0x080004e8                HAL_Delay
 .text.HAL_GPIO_Init
                0x08000530      0x308 CMakeFiles/button_matrix.dir/stm32f1xx_hal_gpio.c.obj
                0x08000530                HAL_GPIO_Init
 .text.HAL_GPIO_ReadPin
                0x08000838       0x2e CMakeFiles/button_matrix.dir/stm32f1xx_hal_gpio.c.obj
                0x08000838                HAL_GPIO_ReadPin
 .text.HAL_GPIO_WritePin
                0x08000866       0x30 CMakeFiles/button_matrix.dir/stm32f1xx_hal_gpio.c.obj
                0x08000866                HAL_GPIO_WritePin
 .text.HAL_GPIO_TogglePin
                0x08000896       0x30 CMakeFiles/button_matrix.dir/stm32f1xx_hal_gpio.c.obj
                0x08000896                HAL_GPIO_TogglePin
 *fill*         0x080008c6        0x2 
 .text.Reset_Handler
                0x080008c8       0x48 CMakeFiles/button_matrix.dir/startup_stm32f103xb.s.obj
                0x080008c8                Reset_Handler
 .text.Default_Handler
                0x08000910        0x2 CMakeFiles/button_matrix.dir/startup_stm32f103xb.s.obj
                0x08000910                RTC_Alarm_IRQHandler
                0x08000910                EXTI2_IRQHandler
                0x08000910                DebugMon_Handler
                0x08000910                TIM1_CC_IRQHandler
                0x08000910                HardFault_Handler
                0x08000910                PVD_IRQHandler
                0x08000910                PendSV_Handler
                0x08000910                NMI_Handler
                0x08000910                EXTI3_IRQHandler
                0x08000910                EXTI0_IRQHandler
                0x08000910                I2C2_EV_IRQHandler
                0x08000910                UsageFault_Handler
                0x08000910                ADC1_2_IRQHandler
                0x08000910                SPI1_IRQHandler
                0x08000910                TAMPER_IRQHandler
                0x08000910                DMA1_Channel4_IRQHandler
                0x08000910                USART3_IRQHandler
                0x08000910                RTC_IRQHandler
                0x08000910                DMA1_Channel7_IRQHandler
                0x08000910                CAN1_RX1_IRQHandler
                0x08000910                TIM4_IRQHandler
                0x08000910                I2C1_EV_IRQHandler
                0x08000910                DMA1_Channel6_IRQHandler
                0x08000910                TIM3_IRQHandler
                0x08000910                RCC_IRQHandler
                0x08000910                TIM1_TRG_COM_IRQHandler
                0x08000910                DMA1_Channel1_IRQHandler
                0x08000910                Default_Handler
                0x08000910                EXTI15_10_IRQHandler
                0x08000910                EXTI9_5_IRQHandler
                0x08000910                SPI2_IRQHandler
                0x08000910                MemManage_Handler
                0x08000910                SVC_Handler
                0x08000910                DMA1_Channel5_IRQHandler
                0x08000910                EXTI4_IRQHandler
                0x08000910                USB_LP_CAN1_RX0_IRQHandler
                0x08000910                USB_HP_CAN1_TX_IRQHandler
                0x08000910                DMA1_Channel3_IRQHandler
                0x08000910                TIM1_UP_IRQHandler
                0x08000910                WWDG_IRQHandler
                0x08000910                TIM2_IRQHandler
                0x08000910                TIM1_BRK_IRQHandler
                0x08000910                EXTI1_IRQHandler
                0x08000910                USART2_IRQHandler
                0x08000910                I2C2_ER_IRQHandler
                0x08000910                DMA1_Channel2_IRQHandler
                0x08000910                CAN1_SCE_IRQHandler
                0x08000910                FLASH_IRQHandler
                0x08000910                BusFault_Handler
                0x08000910                USART1_IRQHandler
                0x08000910                I2C1_ER_IRQHandler
                0x08000910                USBWakeUp_IRQHandler
 .text.SystemInit
                0x08000912        0xc CMakeFiles/button_matrix.dir/system_stm32f1xx.c.obj
                0x08000912                SystemInit
 *fill*         0x0800091e        0x2 
 .text.__NVIC_SetPriorityGrouping
                0x08000920       0x48 CMakeFiles/button_matrix.dir/stm32f1xx_hal_cortex.c.obj
 .text.__NVIC_GetPriorityGrouping
                0x08000968       0x1c CMakeFiles/button_matrix.dir/stm32f1xx_hal_cortex.c.obj
 .text.__NVIC_SetPriority
                0x08000984       0x54 CMakeFiles/button_matrix.dir/stm32f1xx_hal_cortex.c.obj
 .text.NVIC_EncodePriority
                0x080009d8       0x64 CMakeFiles/button_matrix.dir/stm32f1xx_hal_cortex.c.obj
 .text.SysTick_Config
                0x08000a3c       0x44 CMakeFiles/button_matrix.dir/stm32f1xx_hal_cortex.c.obj
 .text.HAL_NVIC_SetPriorityGrouping
                0x08000a80       0x16 CMakeFiles/button_matrix.dir/stm32f1xx_hal_cortex.c.obj
                0x08000a80                HAL_NVIC_SetPriorityGrouping
 .text.HAL_NVIC_SetPriority
                0x08000a96       0x38 CMakeFiles/button_matrix.dir/stm32f1xx_hal_cortex.c.obj
                0x08000a96                HAL_NVIC_SetPriority
 .text.HAL_SYSTICK_Config
                0x08000ace       0x18 CMakeFiles/button_matrix.dir/stm32f1xx_hal_cortex.c.obj
                0x08000ace                HAL_SYSTICK_Config
 *(.glue_7)
 .glue_7        0x08000ae6        0x0 linker stubs
 *(.glue_7t)
 .glue_7t       0x08000ae6        0x0 linker stubs
 *(.eh_frame)
 *fill*         0x08000ae6        0x2 
 .eh_frame      0x08000ae8        0x0 C:/PROGRA~2/ARMGNU~1/14EFD8~1.2RE/bin/../lib/gcc/arm-none-eabi/14.2.1/thumb/v7-m/nofp/crtbegin.o
 *(.init)
 .init          0x08000ae8        0x4 C:/PROGRA~2/ARMGNU~1/14EFD8~1.2RE/bin/../lib/gcc/arm-none-eabi/14.2.1/thumb/v7-m/nofp/crti.o
                0x08000ae8                _init
 .init          0x08000aec        0x8 C:/PROGRA~2/ARMGNU~1/14EFD8~1.2RE/bin/../lib/gcc/arm-none-eabi/14.2.1/thumb/v7-m/nofp/crtn.o
 *(.fini)
 .fini          0x08000af4        0x4 C:/PROGRA~2/ARMGNU~1/14EFD8~1.2RE/bin/../lib/gcc/arm-none-eabi/14.2.1/thumb/v7-m/nofp/crti.o
                0x08000af4                _fini
 .fini          0x08000af8        0x8 C:/PROGRA~2/ARMGNU~1/14EFD8~1.2RE/bin/../lib/gcc/arm-none-eabi/14.2.1/thumb/v7-m/nofp/crtn.o
                0x08000b00                        . = ALIGN (0x4)
                0x08000b00                        _etext = .

.vfp11_veneer   0x08000b00        0x0
 .vfp11_veneer  0x08000b00        0x0 linker stubs

.v4_bx          0x08000b00        0x0
 .v4_bx         0x08000b00        0x0 linker stubs

.iplt           0x08000b00        0x0
 .iplt          0x08000b00        0x0 C:/PROGRA~2/ARMGNU~1/14EFD8~1.2RE/bin/../lib/gcc/arm-none-eabi/14.2.1/thumb/v7-m/nofp/crtbegin.o

.rodata         0x08000b00        0x0
                0x08000b00                        . = ALIGN (0x4)
 *(.rodata)
 *(.rodata*)
                0x08000b00                        . = ALIGN (0x4)

.ARM.extab      0x08000b00        0x0
                0x08000b00                        . = ALIGN (0x4)
 *(.ARM.extab* .gnu.linkonce.armextab.*)
                0x08000b00                        . = ALIGN (0x4)

.ARM            0x08000b00        0x0
                0x08000b00                        . = ALIGN (0x4)
                0x08000b00                        __exidx_start = .
 *(.ARM.exidx*)
                0x08000b00                        __exidx_end = .
                0x08000b00                        . = ALIGN (0x4)

.preinit_array  0x08000b00        0x0
                0x08000b00                        . = ALIGN (0x4)
                0x08000b00                        PROVIDE (__preinit_array_start = .)
 *(.preinit_array*)
                0x08000b00                        PROVIDE (__preinit_array_end = .)
                0x08000b00                        . = ALIGN (0x4)

.init_array     0x08000b00        0x4
                0x08000b00                        . = ALIGN (0x4)
                0x08000b00                        PROVIDE (__init_array_start = .)
 *(SORT_BY_NAME(.init_array.*))
 *(.init_array*)
 .init_array    0x08000b00        0x4 C:/PROGRA~2/ARMGNU~1/14EFD8~1.2RE/bin/../lib/gcc/arm-none-eabi/14.2.1/thumb/v7-m/nofp/crtbegin.o
                0x08000b04                        PROVIDE (__init_array_end = .)
                0x08000b04                        . = ALIGN (0x4)

.fini_array     0x08000b04        0x4
                0x08000b04                        . = ALIGN (0x4)
                [!provide]                        PROVIDE (__fini_array_start = .)
 *(SORT_BY_NAME(.fini_array.*))
 *(.fini_array*)
 .fini_array    0x08000b04        0x4 C:/PROGRA~2/ARMGNU~1/14EFD8~1.2RE/bin/../lib/gcc/arm-none-eabi/14.2.1/thumb/v7-m/nofp/crtbegin.o
                [!provide]                        PROVIDE (__fini_array_end = .)
                0x08000b08                        . = ALIGN (0x4)
                0x08000b08                        _sidata = LOADADDR (.data)

.rel.dyn        0x08000b08        0x0
 .rel.iplt      0x08000b08        0x0 C:/PROGRA~2/ARMGNU~1/14EFD8~1.2RE/bin/../lib/gcc/arm-none-eabi/14.2.1/thumb/v7-m/nofp/crtbegin.o

.data           0x20000000       0x1c load address 0x08000b08
                0x20000000                        . = ALIGN (0x4)
                0x20000000                        _sdata = .
 *(.data)
 *(.data*)
 .data.LED_PINS
                0x20000000        0x8 CMakeFiles/button_matrix.dir/task5_buttonmatrix.c.obj
                0x20000000                LED_PINS
 .data.ROW_PINS
                0x20000008        0x4 CMakeFiles/button_matrix.dir/task5_buttonmatrix.c.obj
                0x20000008                ROW_PINS
 .data.COL_PINS
                0x2000000c        0x4 CMakeFiles/button_matrix.dir/task5_buttonmatrix.c.obj
                0x2000000c                COL_PINS
 .data.uwTickPrio
                0x20000010        0x4 CMakeFiles/button_matrix.dir/stm32f1xx_hal.c.obj
                0x20000010                uwTickPrio
 .data.uwTickFreq
                0x20000014        0x1 CMakeFiles/button_matrix.dir/stm32f1xx_hal.c.obj
                0x20000014                uwTickFreq
 *fill*         0x20000015        0x3 
 .data.SystemCoreClock
                0x20000018        0x4 CMakeFiles/button_matrix.dir/system_stm32f1xx.c.obj
                0x20000018                SystemCoreClock
 *(.RamFunc)
 *(.RamFunc*)
                0x2000001c                        . = ALIGN (0x4)
                0x2000001c                        _edata = .

.tm_clone_table
                0x2000001c        0x0 load address 0x08000b24
 .tm_clone_table
                0x2000001c        0x0 C:/PROGRA~2/ARMGNU~1/14EFD8~1.2RE/bin/../lib/gcc/arm-none-eabi/14.2.1/thumb/v7-m/nofp/crtbegin.o
 .tm_clone_table
                0x2000001c        0x0 C:/PROGRA~2/ARMGNU~1/14EFD8~1.2RE/bin/../lib/gcc/arm-none-eabi/14.2.1/thumb/v7-m/nofp/crtend.o

.igot.plt       0x2000001c        0x0 load address 0x08000b24
 .igot.plt      0x2000001c        0x0 C:/PROGRA~2/ARMGNU~1/14EFD8~1.2RE/bin/../lib/gcc/arm-none-eabi/14.2.1/thumb/v7-m/nofp/crtbegin.o
                0x2000001c                        . = ALIGN (0x4)

.bss            0x2000001c       0x20 load address 0x08000b24
                0x2000001c                        _sbss = .
                0x2000001c                        __bss_start__ = _sbss
 *(.bss)
 *(.bss*)
 .bss.completed.1
                0x2000001c        0x1 C:/PROGRA~2/ARMGNU~1/14EFD8~1.2RE/bin/../lib/gcc/arm-none-eabi/14.2.1/thumb/v7-m/nofp/crtbegin.o
 *fill*         0x2000001d        0x3 
 .bss.object.0  0x20000020       0x18 C:/PROGRA~2/ARMGNU~1/14EFD8~1.2RE/bin/../lib/gcc/arm-none-eabi/14.2.1/thumb/v7-m/nofp/crtbegin.o
 .bss.uwTick    0x20000038        0x4 CMakeFiles/button_matrix.dir/stm32f1xx_hal.c.obj
                0x20000038                uwTick
 *(COMMON)
                0x2000003c                        . = ALIGN (0x4)
                0x2000003c                        _ebss = .
                0x2000003c                        __bss_end__ = _ebss

._user_heap_stack
                0x2000003c      0x604 load address 0x08000b24
                0x20000040                        . = ALIGN (0x8)
 *fill*         0x2000003c        0x4 
                [!provide]                        PROVIDE (end = .)
                [!provide]                        PROVIDE (_end = .)
                0x20000240                        . = (. + _Min_Heap_Size)
 *fill*         0x20000040      0x200 
                0x20000640                        . = (. + _Min_Stack_Size)
 *fill*         0x20000240      0x400 
                0x20000640                        . = ALIGN (0x8)

/DISCARD/
 libc.a(*)
 libm.a(*)
 libgcc.a(*)
OUTPUT(button_matrix.elf elf32-littlearm)
LOAD linker stubs
LOAD C:/PROGRA~2/ARMGNU~1/14EFD8~1.2RE/bin/../lib/gcc/arm-none-eabi/14.2.1/thumb/v7-m/nofp\libc.a
LOAD C:/PROGRA~2/ARMGNU~1/14EFD8~1.2RE/bin/../lib/gcc/arm-none-eabi/14.2.1/thumb/v7-m/nofp\libm.a
LOAD C:/PROGRA~2/ARMGNU~1/14EFD8~1.2RE/bin/../lib/gcc/arm-none-eabi/14.2.1/thumb/v7-m/nofp\libgcc.a

.ARM.attributes
                0x00000000       0x29
 .ARM.attributes
                0x00000000       0x1d C:/PROGRA~2/ARMGNU~1/14EFD8~1.2RE/bin/../lib/gcc/arm-none-eabi/14.2.1/thumb/v7-m/nofp/crti.o
 .ARM.attributes
                0x0000001d       0x2d C:/PROGRA~2/ARMGNU~1/14EFD8~1.2RE/bin/../lib/gcc/arm-none-eabi/14.2.1/thumb/v7-m/nofp/crtbegin.o
 .ARM.attributes
                0x0000004a       0x2d C:/PROGRA~2/ARMGNU~1/14EFD8~1.2RE/bin/../lib/gcc/arm-none-eabi/14.2.1/thumb/v7-m/nofp\libc_nano.a(libc_a-init.o)
 .ARM.attributes
                0x00000077       0x2d CMakeFiles/button_matrix.dir/task5_buttonmatrix.c.obj
 .ARM.attributes
                0x000000a4       0x2d CMakeFiles/button_matrix.dir/stm32f1xx_hal.c.obj
 .ARM.attributes
                0x000000d1       0x2d CMakeFiles/button_matrix.dir/stm32f1xx_hal_gpio.c.obj
 .ARM.attributes
                0x000000fe       0x21 CMakeFiles/button_matrix.dir/startup_stm32f103xb.s.obj
 .ARM.attributes
                0x0000011f       0x2d CMakeFiles/button_matrix.dir/system_stm32f1xx.c.obj
 .ARM.attributes
                0x0000014c       0x2d CMakeFiles/button_matrix.dir/stm32f1xx_hal_cortex.c.obj
 .ARM.attributes
                0x00000179       0x2d C:/PROGRA~2/ARMGNU~1/14EFD8~1.2RE/bin/../lib/gcc/arm-none-eabi/14.2.1/thumb/v7-m/nofp/crtend.o
 .ARM.attributes
                0x000001a6       0x1d C:/PROGRA~2/ARMGNU~1/14EFD8~1.2RE/bin/../lib/gcc/arm-none-eabi/14.2.1/thumb/v7-m/nofp/crtn.o

.comment        0x00000000       0x45
 .comment       0x00000000       0x45 CMakeFiles/button_matrix.dir/task5_buttonmatrix.c.obj
                                 0x46 (size before relaxing)
 .comment       0x00000045       0x46 CMakeFiles/button_matrix.dir/stm32f1xx_hal.c.obj
 .comment       0x00000045       0x46 CMakeFiles/button_matrix.dir/stm32f1xx_hal_gpio.c.obj
 .comment       0x00000045       0x46 CMakeFiles/button_matrix.dir/system_stm32f1xx.c.obj
 .comment       0x00000045       0x46 CMakeFiles/button_matrix.dir/stm32f1xx_hal_cortex.c.obj

.debug_frame    0x00000000      0x9c0
 .debug_frame   0x00000000       0x2c C:/PROGRA~2/ARMGNU~1/14EFD8~1.2RE/bin/../lib/gcc/arm-none-eabi/14.2.1/thumb/v7-m/nofp\libc_nano.a(libc_a-init.o)
 .debug_frame   0x0000002c       0x94 CMakeFiles/button_matrix.dir/task5_buttonmatrix.c.obj
 .debug_frame   0x000000c0      0x334 CMakeFiles/button_matrix.dir/stm32f1xx_hal.c.obj
 .debug_frame   0x000003f4      0x14c CMakeFiles/button_matrix.dir/stm32f1xx_hal_gpio.c.obj
 .debug_frame   0x00000540       0x58 CMakeFiles/button_matrix.dir/system_stm32f1xx.c.obj
 .debug_frame   0x00000598      0x428 CMakeFiles/button_matrix.dir/stm32f1xx_hal_cortex.c.obj

.debug_info     0x00000000     0x1d8c
 .debug_info    0x00000000      0x430 CMakeFiles/button_matrix.dir/task5_buttonmatrix.c.obj
 .debug_info    0x00000430      0x6ee CMakeFiles/button_matrix.dir/stm32f1xx_hal.c.obj
 .debug_info    0x00000b1e      0x59c CMakeFiles/button_matrix.dir/stm32f1xx_hal_gpio.c.obj
 .debug_info    0x000010ba       0x30 CMakeFiles/button_matrix.dir/startup_stm32f103xb.s.obj
 .debug_info    0x000010ea      0x21b CMakeFiles/button_matrix.dir/system_stm32f1xx.c.obj
 .debug_info    0x00001305      0xa87 CMakeFiles/button_matrix.dir/stm32f1xx_hal_cortex.c.obj

.debug_abbrev   0x00000000      0xa57
 .debug_abbrev  0x00000000      0x21e CMakeFiles/button_matrix.dir/task5_buttonmatrix.c.obj
 .debug_abbrev  0x0000021e      0x214 CMakeFiles/button_matrix.dir/stm32f1xx_hal.c.obj
 .debug_abbrev  0x00000432      0x1ca CMakeFiles/button_matrix.dir/stm32f1xx_hal_gpio.c.obj
 .debug_abbrev  0x000005fc       0x24 CMakeFiles/button_matrix.dir/startup_stm32f103xb.s.obj
 .debug_abbrev  0x00000620      0x13f CMakeFiles/button_matrix.dir/system_stm32f1xx.c.obj
 .debug_abbrev  0x0000075f      0x2f8 CMakeFiles/button_matrix.dir/stm32f1xx_hal_cortex.c.obj

.debug_aranges  0x00000000      0x2c0
 .debug_aranges
                0x00000000       0x38 CMakeFiles/button_matrix.dir/task5_buttonmatrix.c.obj
 .debug_aranges
                0x00000038       0xe0 CMakeFiles/button_matrix.dir/stm32f1xx_hal.c.obj
 .debug_aranges
                0x00000118       0x58 CMakeFiles/button_matrix.dir/stm32f1xx_hal_gpio.c.obj
 .debug_aranges
                0x00000170       0x28 CMakeFiles/button_matrix.dir/startup_stm32f103xb.s.obj
 .debug_aranges
                0x00000198       0x28 CMakeFiles/button_matrix.dir/system_stm32f1xx.c.obj
 .debug_aranges
                0x000001c0      0x100 CMakeFiles/button_matrix.dir/stm32f1xx_hal_cortex.c.obj

.debug_rnglists
                0x00000000      0x1f7
 .debug_rnglists
                0x00000000       0x27 CMakeFiles/button_matrix.dir/task5_buttonmatrix.c.obj
 .debug_rnglists
                0x00000027       0xa3 CMakeFiles/button_matrix.dir/stm32f1xx_hal.c.obj
 .debug_rnglists
                0x000000ca       0x3f CMakeFiles/button_matrix.dir/stm32f1xx_hal_gpio.c.obj
 .debug_rnglists
                0x00000109       0x19 CMakeFiles/button_matrix.dir/startup_stm32f103xb.s.obj
 .debug_rnglists
                0x00000122       0x1a CMakeFiles/button_matrix.dir/system_stm32f1xx.c.obj
 .debug_rnglists
                0x0000013c       0xbb CMakeFiles/button_matrix.dir/stm32f1xx_hal_cortex.c.obj

.debug_macro    0x00000000    0x1815f
 .debug_macro   0x00000000      0x2d3 CMakeFiles/button_matrix.dir/task5_buttonmatrix.c.obj
 .debug_macro   0x000002d3      0xacc CMakeFiles/button_matrix.dir/task5_buttonmatrix.c.obj
 .debug_macro   0x00000d9f      0x2c7 CMakeFiles/button_matrix.dir/task5_buttonmatrix.c.obj
 .debug_macro   0x00001066       0x2e CMakeFiles/button_matrix.dir/task5_buttonmatrix.c.obj
 .debug_macro   0x00001094       0x22 CMakeFiles/button_matrix.dir/task5_buttonmatrix.c.obj
 .debug_macro   0x000010b6       0x22 CMakeFiles/button_matrix.dir/task5_buttonmatrix.c.obj
 .debug_macro   0x000010d8       0x8e CMakeFiles/button_matrix.dir/task5_buttonmatrix.c.obj
 .debug_macro   0x00001166       0x51 CMakeFiles/button_matrix.dir/task5_buttonmatrix.c.obj
 .debug_macro   0x000011b7      0x103 CMakeFiles/button_matrix.dir/task5_buttonmatrix.c.obj
 .debug_macro   0x000012ba       0x6a CMakeFiles/button_matrix.dir/task5_buttonmatrix.c.obj
 .debug_macro   0x00001324      0x1df CMakeFiles/button_matrix.dir/task5_buttonmatrix.c.obj
 .debug_macro   0x00001503       0x1c CMakeFiles/button_matrix.dir/task5_buttonmatrix.c.obj
 .debug_macro   0x0000151f       0x22 CMakeFiles/button_matrix.dir/task5_buttonmatrix.c.obj
 .debug_macro   0x00001541       0xbd CMakeFiles/button_matrix.dir/task5_buttonmatrix.c.obj
 .debug_macro   0x000015fe      0xd23 CMakeFiles/button_matrix.dir/task5_buttonmatrix.c.obj
 .debug_macro   0x00002321     0xe09e CMakeFiles/button_matrix.dir/task5_buttonmatrix.c.obj
 .debug_macro   0x000103bf       0x6d CMakeFiles/button_matrix.dir/task5_buttonmatrix.c.obj
 .debug_macro   0x0001042c     0x34a2 CMakeFiles/button_matrix.dir/task5_buttonmatrix.c.obj
 .debug_macro   0x000138ce      0x190 CMakeFiles/button_matrix.dir/task5_buttonmatrix.c.obj
 .debug_macro   0x00013a5e       0x5c CMakeFiles/button_matrix.dir/task5_buttonmatrix.c.obj
 .debug_macro   0x00013aba      0x5bc CMakeFiles/button_matrix.dir/task5_buttonmatrix.c.obj
 .debug_macro   0x00014076      0x289 CMakeFiles/button_matrix.dir/task5_buttonmatrix.c.obj
 .debug_macro   0x000142ff      0x1cb CMakeFiles/button_matrix.dir/task5_buttonmatrix.c.obj
 .debug_macro   0x000144ca      0x10e CMakeFiles/button_matrix.dir/task5_buttonmatrix.c.obj
 .debug_macro   0x000145d8      0x1b2 CMakeFiles/button_matrix.dir/task5_buttonmatrix.c.obj
 .debug_macro   0x0001478a       0x27 CMakeFiles/button_matrix.dir/task5_buttonmatrix.c.obj
 .debug_macro   0x000147b1      0x136 CMakeFiles/button_matrix.dir/task5_buttonmatrix.c.obj
 .debug_macro   0x000148e7      0x1bc CMakeFiles/button_matrix.dir/task5_buttonmatrix.c.obj
 .debug_macro   0x00014aa3       0x34 CMakeFiles/button_matrix.dir/task5_buttonmatrix.c.obj
 .debug_macro   0x00014ad7       0x3c CMakeFiles/button_matrix.dir/task5_buttonmatrix.c.obj
 .debug_macro   0x00014b13      0x408 CMakeFiles/button_matrix.dir/task5_buttonmatrix.c.obj
 .debug_macro   0x00014f1b       0x57 CMakeFiles/button_matrix.dir/task5_buttonmatrix.c.obj
 .debug_macro   0x00014f72      0x46a CMakeFiles/button_matrix.dir/task5_buttonmatrix.c.obj
 .debug_macro   0x000153dc      0x1b5 CMakeFiles/button_matrix.dir/task5_buttonmatrix.c.obj
 .debug_macro   0x00015591       0x22 CMakeFiles/button_matrix.dir/task5_buttonmatrix.c.obj
 .debug_macro   0x000155b3       0x87 CMakeFiles/button_matrix.dir/task5_buttonmatrix.c.obj
 .debug_macro   0x0001563a      0x240 CMakeFiles/button_matrix.dir/task5_buttonmatrix.c.obj
 .debug_macro   0x0001587a      0x287 CMakeFiles/button_matrix.dir/task5_buttonmatrix.c.obj
 .debug_macro   0x00015b01       0x78 CMakeFiles/button_matrix.dir/task5_buttonmatrix.c.obj
 .debug_macro   0x00015b79      0x140 CMakeFiles/button_matrix.dir/task5_buttonmatrix.c.obj
 .debug_macro   0x00015cb9      0x1ef CMakeFiles/button_matrix.dir/task5_buttonmatrix.c.obj
 .debug_macro   0x00015ea8       0xeb CMakeFiles/button_matrix.dir/task5_buttonmatrix.c.obj
 .debug_macro   0x00015f93      0x217 CMakeFiles/button_matrix.dir/task5_buttonmatrix.c.obj
 .debug_macro   0x000161aa      0x8ed CMakeFiles/button_matrix.dir/task5_buttonmatrix.c.obj
 .debug_macro   0x00016a97      0x28e CMakeFiles/button_matrix.dir/task5_buttonmatrix.c.obj
 .debug_macro   0x00016d25      0x217 CMakeFiles/button_matrix.dir/task5_buttonmatrix.c.obj
 .debug_macro   0x00016f3c      0x1a7 CMakeFiles/button_matrix.dir/task5_buttonmatrix.c.obj
 .debug_macro   0x000170e3      0x2cd CMakeFiles/button_matrix.dir/task5_buttonmatrix.c.obj
 .debug_macro   0x000173b0       0x8d CMakeFiles/button_matrix.dir/task5_buttonmatrix.c.obj
 .debug_macro   0x0001743d       0xb7 CMakeFiles/button_matrix.dir/task5_buttonmatrix.c.obj
 .debug_macro   0x000174f4      0x242 CMakeFiles/button_matrix.dir/task5_buttonmatrix.c.obj
 .debug_macro   0x00017736       0x83 CMakeFiles/button_matrix.dir/task5_buttonmatrix.c.obj
 .debug_macro   0x000177b9      0x2eb CMakeFiles/button_matrix.dir/stm32f1xx_hal.c.obj
 .debug_macro   0x00017aa4      0x332 CMakeFiles/button_matrix.dir/stm32f1xx_hal_gpio.c.obj
 .debug_macro   0x00017dd6       0xc2 CMakeFiles/button_matrix.dir/system_stm32f1xx.c.obj
 .debug_macro   0x00017e98      0x2c7 CMakeFiles/button_matrix.dir/stm32f1xx_hal_cortex.c.obj

.debug_line     0x00000000     0x2da9
 .debug_line    0x00000000      0x8d7 CMakeFiles/button_matrix.dir/task5_buttonmatrix.c.obj
 .debug_line    0x000008d7      0xa41 CMakeFiles/button_matrix.dir/stm32f1xx_hal.c.obj
 .debug_line    0x00001318      0xaa5 CMakeFiles/button_matrix.dir/stm32f1xx_hal_gpio.c.obj
 .debug_line    0x00001dbd       0x78 CMakeFiles/button_matrix.dir/startup_stm32f103xb.s.obj
 .debug_line    0x00001e35      0x363 CMakeFiles/button_matrix.dir/system_stm32f1xx.c.obj
 .debug_line    0x00002198      0xc11 CMakeFiles/button_matrix.dir/stm32f1xx_hal_cortex.c.obj

.debug_str      0x00000000    0x971a4
 .debug_str     0x00000000    0x971a4 CMakeFiles/button_matrix.dir/task5_buttonmatrix.c.obj
                              0x967de (size before relaxing)
 .debug_str     0x000971a4    0x96db0 CMakeFiles/button_matrix.dir/stm32f1xx_hal.c.obj
 .debug_str     0x000971a4    0x96a10 CMakeFiles/button_matrix.dir/stm32f1xx_hal_gpio.c.obj
 .debug_str     0x000971a4       0x9c CMakeFiles/button_matrix.dir/startup_stm32f103xb.s.obj
 .debug_str     0x000971a4    0x54750 CMakeFiles/button_matrix.dir/system_stm32f1xx.c.obj
 .debug_str     0x000971a4    0x96d09 CMakeFiles/button_matrix.dir/stm32f1xx_hal_cortex.c.obj

.debug_line_str
                0x00000000       0x80
 .debug_line_str
                0x00000000       0x80 CMakeFiles/button_matrix.dir/startup_stm32f103xb.s.obj
