Archive member included to satisfy reference by file (symbol)

C:/PROGRA~2/ARMGNU~1/14EFD8~1.2RE/bin/../lib/gcc/arm-none-eabi/14.2.1/thumb/v7-m/nofp\libg_nano.a(libc_a-exit.o)
                              C:/PROGRA~2/ARMGNU~1/14EFD8~1.2RE/bin/../lib/gcc/arm-none-eabi/14.2.1/thumb/v7-m/nofp/crt0.o (exit)
C:/PROGRA~2/ARMGNU~1/14EFD8~1.2RE/bin/../lib/gcc/arm-none-eabi/14.2.1/thumb/v7-m/nofp\libg_nano.a(libc_a-findfp.o)
                              C:/PROGRA~2/ARMGNU~1/14EFD8~1.2RE/bin/../lib/gcc/arm-none-eabi/14.2.1/thumb/v7-m/nofp\libg_nano.a(libc_a-exit.o) (__stdio_exit_handler)
C:/PROGRA~2/ARMGNU~1/14EFD8~1.2RE/bin/../lib/gcc/arm-none-eabi/14.2.1/thumb/v7-m/nofp\libg_nano.a(libc_a-fwalk.o)
                              C:/PROGRA~2/ARMGNU~1/14EFD8~1.2RE/bin/../lib/gcc/arm-none-eabi/14.2.1/thumb/v7-m/nofp\libg_nano.a(libc_a-findfp.o) (_fwalk_sglue)
C:/PROGRA~2/ARMGNU~1/14EFD8~1.2RE/bin/../lib/gcc/arm-none-eabi/14.2.1/thumb/v7-m/nofp\libg_nano.a(libc_a-stdio.o)
                              C:/PROGRA~2/ARMGNU~1/14EFD8~1.2RE/bin/../lib/gcc/arm-none-eabi/14.2.1/thumb/v7-m/nofp\libg_nano.a(libc_a-findfp.o) (__sread)
C:/PROGRA~2/ARMGNU~1/14EFD8~1.2RE/bin/../lib/gcc/arm-none-eabi/14.2.1/thumb/v7-m/nofp\libg_nano.a(libc_a-memset.o)
                              C:/PROGRA~2/ARMGNU~1/14EFD8~1.2RE/bin/../lib/gcc/arm-none-eabi/14.2.1/thumb/v7-m/nofp/crt0.o (memset)
C:/PROGRA~2/ARMGNU~1/14EFD8~1.2RE/bin/../lib/gcc/arm-none-eabi/14.2.1/thumb/v7-m/nofp\libg_nano.a(libc_a-closer.o)
                              C:/PROGRA~2/ARMGNU~1/14EFD8~1.2RE/bin/../lib/gcc/arm-none-eabi/14.2.1/thumb/v7-m/nofp\libg_nano.a(libc_a-stdio.o) (_close_r)
C:/PROGRA~2/ARMGNU~1/14EFD8~1.2RE/bin/../lib/gcc/arm-none-eabi/14.2.1/thumb/v7-m/nofp\libg_nano.a(libc_a-reent.o)
                              C:/PROGRA~2/ARMGNU~1/14EFD8~1.2RE/bin/../lib/gcc/arm-none-eabi/14.2.1/thumb/v7-m/nofp\libg_nano.a(libc_a-closer.o) (errno)
C:/PROGRA~2/ARMGNU~1/14EFD8~1.2RE/bin/../lib/gcc/arm-none-eabi/14.2.1/thumb/v7-m/nofp\libg_nano.a(libc_a-impure.o)
                              C:/PROGRA~2/ARMGNU~1/14EFD8~1.2RE/bin/../lib/gcc/arm-none-eabi/14.2.1/thumb/v7-m/nofp\libg_nano.a(libc_a-reent.o) (_impure_ptr)
C:/PROGRA~2/ARMGNU~1/14EFD8~1.2RE/bin/../lib/gcc/arm-none-eabi/14.2.1/thumb/v7-m/nofp\libg_nano.a(libc_a-lseekr.o)
                              C:/PROGRA~2/ARMGNU~1/14EFD8~1.2RE/bin/../lib/gcc/arm-none-eabi/14.2.1/thumb/v7-m/nofp\libg_nano.a(libc_a-stdio.o) (_lseek_r)
C:/PROGRA~2/ARMGNU~1/14EFD8~1.2RE/bin/../lib/gcc/arm-none-eabi/14.2.1/thumb/v7-m/nofp\libg_nano.a(libc_a-readr.o)
                              C:/PROGRA~2/ARMGNU~1/14EFD8~1.2RE/bin/../lib/gcc/arm-none-eabi/14.2.1/thumb/v7-m/nofp\libg_nano.a(libc_a-stdio.o) (_read_r)
C:/PROGRA~2/ARMGNU~1/14EFD8~1.2RE/bin/../lib/gcc/arm-none-eabi/14.2.1/thumb/v7-m/nofp\libg_nano.a(libc_a-writer.o)
                              C:/PROGRA~2/ARMGNU~1/14EFD8~1.2RE/bin/../lib/gcc/arm-none-eabi/14.2.1/thumb/v7-m/nofp\libg_nano.a(libc_a-stdio.o) (_write_r)
C:/PROGRA~2/ARMGNU~1/14EFD8~1.2RE/bin/../lib/gcc/arm-none-eabi/14.2.1/thumb/v7-m/nofp\libg_nano.a(libc_a-errno.o)
                              CMakeFiles/task4_debounce.dir/Core/Src/sysmem.c.obj (__errno)
C:/PROGRA~2/ARMGNU~1/14EFD8~1.2RE/bin/../lib/gcc/arm-none-eabi/14.2.1/thumb/v7-m/nofp\libg_nano.a(libc_a-init.o)
                              C:/PROGRA~2/ARMGNU~1/14EFD8~1.2RE/bin/../lib/gcc/arm-none-eabi/14.2.1/thumb/v7-m/nofp/crt0.o (__libc_init_array)
C:/PROGRA~2/ARMGNU~1/14EFD8~1.2RE/bin/../lib/gcc/arm-none-eabi/14.2.1/thumb/v7-m/nofp\libg_nano.a(libc_a-lock.o)
                              C:/PROGRA~2/ARMGNU~1/14EFD8~1.2RE/bin/../lib/gcc/arm-none-eabi/14.2.1/thumb/v7-m/nofp\libg_nano.a(libc_a-findfp.o) (__retarget_lock_init_recursive)
C:/PROGRA~2/ARMGNU~1/14EFD8~1.2RE/bin/../lib/gcc/arm-none-eabi/14.2.1/thumb/v7-m/nofp\libg_nano.a(libc_a-freer.o)
                              C:/PROGRA~2/ARMGNU~1/14EFD8~1.2RE/bin/../lib/gcc/arm-none-eabi/14.2.1/thumb/v7-m/nofp\libg_nano.a(libc_a-reent.o) (_free_r)
C:/PROGRA~2/ARMGNU~1/14EFD8~1.2RE/bin/../lib/gcc/arm-none-eabi/14.2.1/thumb/v7-m/nofp\libg_nano.a(libc_a-mallocr.o)
                              C:/PROGRA~2/ARMGNU~1/14EFD8~1.2RE/bin/../lib/gcc/arm-none-eabi/14.2.1/thumb/v7-m/nofp\libg_nano.a(libc_a-findfp.o) (_malloc_r)
C:/PROGRA~2/ARMGNU~1/14EFD8~1.2RE/bin/../lib/gcc/arm-none-eabi/14.2.1/thumb/v7-m/nofp\libg_nano.a(libc_a-mlock.o)
                              C:/PROGRA~2/ARMGNU~1/14EFD8~1.2RE/bin/../lib/gcc/arm-none-eabi/14.2.1/thumb/v7-m/nofp\libg_nano.a(libc_a-freer.o) (__malloc_lock)
C:/PROGRA~2/ARMGNU~1/14EFD8~1.2RE/bin/../lib/gcc/arm-none-eabi/14.2.1/thumb/v7-m/nofp\libg_nano.a(libc_a-fflush.o)
                              C:/PROGRA~2/ARMGNU~1/14EFD8~1.2RE/bin/../lib/gcc/arm-none-eabi/14.2.1/thumb/v7-m/nofp\libg_nano.a(libc_a-findfp.o) (_fflush_r)
C:/PROGRA~2/ARMGNU~1/14EFD8~1.2RE/bin/../lib/gcc/arm-none-eabi/14.2.1/thumb/v7-m/nofp\libg_nano.a(libc_a-sbrkr.o)
[...]
Memory Configuration

Name             Origin             Length             Attributes
RAM              0x20000000         0x00005000         xrw
FLASH            0x08000000         0x00010000         xr
*default*        0x00000000         0xffffffff

Linker script and memory map

LOAD C:/PROGRA~2/ARMGNU~1/14EFD8~1.2RE/bin/../lib/gcc/arm-none-eabi/14.2.1/thumb/v7-m/nofp/crti.o
LOAD C:/PROGRA~2/ARMGNU~1/14EFD8~1.2RE/bin/../lib/gcc/arm-none-eabi/14.2.1/thumb/v7-m/nofp/crtbegin.o
LOAD C:/PROGRA~2/ARMGNU~1/14EFD8~1.2RE/bin/../lib/gcc/arm-none-eabi/14.2.1/thumb/v7-m/nofp/crt0.o
LOAD cmake/stm32cubemx/CMakeFiles/STM32_Drivers.dir/__/__/Core/Src/system_stm32f1xx.c.obj
LOAD cmake/stm32cubemx/CMakeFiles/STM32_Drivers.dir/__/__/Drivers/STM32F1xx_HAL_Driver/Src/stm32f1xx_hal_gpio_ex.c.obj
LOAD cmake/stm32cubemx/CMakeFiles/STM32_Drivers.dir/__/__/Drivers/STM32F1xx_HAL_Driver/Src/stm32f1xx_hal.c.obj
LOAD cmake/stm32cubemx/CMakeFiles/STM32_Drivers.dir/__/__/Drivers/STM32F1xx_HAL_Driver/Src/stm32f1xx_hal_rcc.c.obj
LOAD cmake/stm32cubemx/CMakeFiles/STM32_Drivers.dir/__/__/Drivers/STM32F1xx_HAL_Driver/Src/stm32f1xx_hal_rcc_ex.c.obj
LOAD cmake/stm32cubemx/CMakeFiles/STM32_Drivers.dir/__/__/Drivers/STM32F1xx_HAL_Driver/Src/stm32f1xx_hal_gpio.c.obj
LOAD cmake/stm32cubemx/CMakeFiles/STM32_Drivers.dir/__/__/Drivers/STM32F1xx_HAL_Driver/Src/stm32f1xx_hal_dma.c.obj
LOAD cmake/stm32cubemx/CMakeFiles/STM32_Drivers.dir/__/__/Drivers/STM32F1xx_HAL_Driver/Src/stm32f1xx_hal_cortex.c.obj
LOAD cmake/stm32cubemx/CMakeFiles/STM32_Drivers.dir/__/__/Drivers/STM32F1xx_HAL_Driver/Src/stm32f1xx_hal_pwr.c.obj
LOAD cmake/stm32cubemx/CMakeFiles/STM32_Drivers.dir/__/__/Drivers/STM32F1xx_HAL_Driver/Src/stm32f1xx_hal_flash.c.obj
LOAD cmake/stm32cubemx/CMakeFiles/STM32_Drivers.dir/__/__/Drivers/STM32F1xx_HAL_Driver/Src/stm32f1xx_hal_flash_ex.c.obj
LOAD cmake/stm32cubemx/CMakeFiles/STM32_Drivers.dir/__/__/Drivers/STM32F1xx_HAL_Driver/Src/stm32f1xx_hal_exti.c.obj
LOAD CMakeFiles/task4_debounce.dir/Core/Src/main.c.obj
LOAD CMakeFiles/task4_debounce.dir/Core/Src/stm32f1xx_it.c.obj
LOAD CMakeFiles/task4_debounce.dir/Core/Src/stm32f1xx_hal_msp.c.obj
LOAD CMakeFiles/task4_debounce.dir/Core/Src/sysmem.c.obj
LOAD CMakeFiles/task4_debounce.dir/Core/Src/syscalls.c.obj
LOAD CMakeFiles/task4_debounce.dir/startup_stm32f103xb.s.obj
LOAD C:/PROGRA~2/ARMGNU~1/14EFD8~1.2RE/bin/../lib/gcc/arm-none-eabi/14.2.1/thumb/v7-m/nofp\libm.a
START GROUP
LOAD C:/PROGRA~2/ARMGNU~1/14EFD8~1.2RE/bin/../lib/gcc/arm-none-eabi/14.2.1/thumb/v7-m/nofp\libgcc.a
LOAD C:/PROGRA~2/ARMGNU~1/14EFD8~1.2RE/bin/../lib/gcc/arm-none-eabi/14.2.1/thumb/v7-m/nofp\libg_nano.a
LOAD C:/PROGRA~2/ARMGNU~1/14EFD8~1.2RE/bin/../lib/gcc/arm-none-eabi/14.2.1/thumb/v7-m/nofp\libc_nano.a
END GROUP
START GROUP
LOAD C:/PROGRA~2/ARMGNU~1/14EFD8~1.2RE/bin/../lib/gcc/arm-none-eabi/14.2.1/thumb/v7-m/nofp\libgcc.a
LOAD C:/PROGRA~2/ARMGNU~1/14EFD8~1.2RE/bin/../lib/gcc/arm-none-eabi/14.2.1/thumb/v7-m/nofp\libc_nano.a
END GROUP
LOAD C:/PROGRA~2/ARMGNU~1/14EFD8~1.2RE/bin/../lib/gcc/arm-none-eabi/14.2.1/thumb/v7-m/nofp/crtend.o
LOAD C:/PROGRA~2/ARMGNU~1/14EFD8~1.2RE/bin/../lib/gcc/arm-none-eabi/14.2.1/thumb/v7-m/nofp/crtn.o
                0x20005000                        _estack = (ORIGIN (RAM) + LENGTH (RAM))
                0x20004c00                        _sstack = (_estack - _Min_Stack_Size)
                0x00000200                        _Min_Heap_Size = 0x200
                0x00000400                        _Min_Stack_Size = 0x400

.isr_vector     0x08000000      0x10c
                0x08000000                        . = ALIGN (0x4)
 *(.isr_vector)
 .isr_vector    0x08000000      0x10c CMakeFiles/task4_debounce.dir/startup_stm32f103xb.s.obj
                0x08000000                g_pfnVectors
                0x0800010c                        . = ALIGN (0x4)

.text           0x0800010c     0x1194
                0x0800010c                        . = ALIGN (0x4)
 *(.text)
 *(.text*)
 .text.deregister_tm_clones
                0x0800010c       0x1c C:/PROGRA~2/ARMGNU~1/14EFD8~1.2RE/bin/../lib/gcc/arm-none-eabi/14.2.1/thumb/v7-m/nofp/crtbegin.o
 .text.register_tm_clones
                0x08000128       0x24 C:/PROGRA~2/ARMGNU~1/14EFD8~1.2RE/bin/../lib/gcc/arm-none-eabi/14.2.1/thumb/v7-m/nofp/crtbegin.o
 .text.__do_global_dtors_aux
                0x0800014c       0x28 C:/PROGRA~2/ARMGNU~1/14EFD8~1.2RE/bin/../lib/gcc/arm-none-eabi/14.2.1/thumb/v7-m/nofp/crtbegin.o
 .text.frame_dummy
                0x08000174       0x24 C:/PROGRA~2/ARMGNU~1/14EFD8~1.2RE/bin/../lib/gcc/arm-none-eabi/14.2.1/thumb/v7-m/nofp/crtbegin.o
 .text.SystemInit
                0x08000198        0xc cmake/stm32cubemx/CMakeFiles/STM32_Drivers.dir/__/__/Core/Src/system_stm32f1xx.c.obj
                0x08000198                SystemInit
 .text.HAL_Init
                0x080001a4       0x2c cmake/stm32cubemx/CMakeFiles/STM32_Drivers.dir/__/__/Drivers/STM32F1xx_HAL_Driver/Src/stm32f1xx_hal.c.obj
                0x080001a4                HAL_Init
 .text.HAL_InitTick
                0x080001d0       0x60 cmake/stm32cubemx/CMakeFiles/STM32_Drivers.dir/__/__/Drivers/STM32F1xx_HAL_Driver/Src/stm32f1xx_hal.c.obj
                0x080001d0                HAL_InitTick
 .text.HAL_IncTick
                0x08000230       0x24 cmake/stm32cubemx/CMakeFiles/STM32_Drivers.dir/__/__/Drivers/STM32F1xx_HAL_Driver/Src/stm32f1xx_hal.c.obj
                0x08000230                HAL_IncTick
 .text.HAL_GetTick
                0x08000254       0x14 cmake/stm32cubemx/CMakeFiles/STM32_Drivers.dir/__/__/Drivers/STM32F1xx_HAL_Driver/Src/stm32f1xx_hal.c.obj
                0x08000254                HAL_GetTick
 .text.HAL_RCC_OscConfig
                0x08000268      0x504 cmake/stm32cubemx/CMakeFiles/STM32_Drivers.dir/__/__/Drivers/STM32F1xx_HAL_Driver/Src/stm32f1xx_hal_rcc.c.obj
                0x08000268                HAL_RCC_OscConfig
 .text.HAL_RCC_ClockConfig
                0x0800076c      0x1d4 cmake/stm32cubemx/CMakeFiles/STM32_Drivers.dir/__/__/Drivers/STM32F1xx_HAL_Driver/Src/stm32f1xx_hal_rcc.c.obj
                0x0800076c                HAL_RCC_ClockConfig
 .text.HAL_RCC_GetSysClockFreq
                0x08000940       0xa8 cmake/stm32cubemx/CMakeFiles/STM32_Drivers.dir/__/__/Drivers/STM32F1xx_HAL_Driver/Src/stm32f1xx_hal_rcc.c.obj
                0x08000940                HAL_RCC_GetSysClockFreq
 .text.RCC_Delay
                0x080009e8       0x3c cmake/stm32cubemx/CMakeFiles/STM32_Drivers.dir/__/__/Drivers/STM32F1xx_HAL_Driver/Src/stm32f1xx_hal_rcc.c.obj
 .text.HAL_GPIO_Init
                0x08000a24      0x308 cmake/stm32cubemx/CMakeFiles/STM32_Drivers.dir/__/__/Drivers/STM32F1xx_HAL_Driver/Src/stm32f1xx_hal_gpio.c.obj
                0x08000a24                HAL_GPIO_Init
 .text.HAL_GPIO_ReadPin
                0x08000d2c       0x2e cmake/stm32cubemx/CMakeFiles/STM32_Drivers.dir/__/__/Drivers/STM32F1xx_HAL_Driver/Src/stm32f1xx_hal_gpio.c.obj
                0x08000d2c                HAL_GPIO_ReadPin
 .text.HAL_GPIO_WritePin
                0x08000d5a       0x30 cmake/stm32cubemx/CMakeFiles/STM32_Drivers.dir/__/__/Drivers/STM32F1xx_HAL_Driver/Src/stm32f1xx_hal_gpio.c.obj
                0x08000d5a                HAL_GPIO_WritePin
 .text.HAL_GPIO_TogglePin
                0x08000d8a       0x32 cmake/stm32cubemx/CMakeFiles/STM32_Drivers.dir/__/__/Drivers/STM32F1xx_HAL_Driver/Src/stm32f1xx_hal_gpio.c.obj
                0x08000d8a                HAL_GPIO_TogglePin
 .text.__NVIC_SetPriorityGrouping
                0x08000dbc       0x48 cmake/stm32cubemx/CMakeFiles/STM32_Drivers.dir/__/__/Drivers/STM32F1xx_HAL_Driver/Src/stm32f1xx_hal_cortex.c.obj
 .text.__NVIC_GetPriorityGrouping
                0x08000e04       0x1c cmake/stm32cubemx/CMakeFiles/STM32_Drivers.dir/__/__/Drivers/STM32F1xx_HAL_Driver/Src/stm32f1xx_hal_cortex.c.obj
 .text.__NVIC_SetPriority
                0x08000e20       0x54 cmake/stm32cubemx/CMakeFiles/STM32_Drivers.dir/__/__/Drivers/STM32F1xx_HAL_Driver/Src/stm32f1xx_hal_cortex.c.obj
 .text.NVIC_EncodePriority
                0x08000e74       0x64 cmake/stm32cubemx/CMakeFiles/STM32_Drivers.dir/__/__/Drivers/STM32F1xx_HAL_Driver/Src/stm32f1xx_hal_cortex.c.obj
 .text.SysTick_Config
                0x08000ed8       0x44 cmake/stm32cubemx/CMakeFiles/STM32_Drivers.dir/__/__/Drivers/STM32F1xx_HAL_Driver/Src/stm32f1xx_hal_cortex.c.obj
 .text.HAL_NVIC_SetPriorityGrouping
                0x08000f1c       0x16 cmake/stm32cubemx/CMakeFiles/STM32_Drivers.dir/__/__/Drivers/STM32F1xx_HAL_Driver/Src/stm32f1xx_hal_cortex.c.obj
                0x08000f1c                HAL_NVIC_SetPriorityGrouping
 .text.HAL_NVIC_SetPriority
                0x08000f32       0x38 cmake/stm32cubemx/CMakeFiles/STM32_Drivers.dir/__/__/Drivers/STM32F1xx_HAL_Driver/Src/stm32f1xx_hal_cortex.c.obj
                0x08000f32                HAL_NVIC_SetPriority
 .text.HAL_SYSTICK_Config
                0x08000f6a       0x18 cmake/stm32cubemx/CMakeFiles/STM32_Drivers.dir/__/__/Drivers/STM32F1xx_HAL_Driver/Src/stm32f1xx_hal_cortex.c.obj
                0x08000f6a                HAL_SYSTICK_Config
 *fill*         0x08000f82        0x2 
 .text.main     0x08000f84       0x84 CMakeFiles/task4_debounce.dir/Core/Src/main.c.obj
                0x08000f84                main
 .text.SystemClock_Config
                0x08001008       0x76 CMakeFiles/task4_debounce.dir/Core/Src/main.c.obj
                0x08001008                SystemClock_Config
 *fill*         0x0800107e        0x2 
 .text.MX_GPIO_Init
                0x08001080       0x9c CMakeFiles/task4_debounce.dir/Core/Src/main.c.obj
 .text.Error_Handler
                0x0800111c        0xc CMakeFiles/task4_debounce.dir/Core/Src/main.c.obj
                0x0800111c                Error_Handler
 .text.NMI_Handler
                0x08001128        0x8 CMakeFiles/task4_debounce.dir/Core/Src/stm32f1xx_it.c.obj
                0x08001128                NMI_Handler
 .text.HardFault_Handler
                0x08001130        0x8 CMakeFiles/task4_debounce.dir/Core/Src/stm32f1xx_it.c.obj
                0x08001130                HardFault_Handler
 .text.MemManage_Handler
                0x08001138        0x8 CMakeFiles/task4_debounce.dir/Core/Src/stm32f1xx_it.c.obj
                0x08001138                MemManage_Handler
 .text.BusFault_Handler
                0x08001140        0x8 CMakeFiles/task4_debounce.dir/Core/Src/stm32f1xx_it.c.obj
                0x08001140                BusFault_Handler
 .text.UsageFault_Handler
                0x08001148        0x8 CMakeFiles/task4_debounce.dir/Core/Src/stm32f1xx_it.c.obj
                0x08001148                UsageFault_Handler
 .text.SVC_Handler
                0x08001150        0xc CMakeFiles/task4_debounce.dir/Core/Src/stm32f1xx_it.c.obj
                0x08001150                SVC_Handler
 .text.DebugMon_Handler
                0x0800115c        0xc CMakeFiles/task4_debounce.dir/Core/Src/stm32f1xx_it.c.obj
                0x0800115c                DebugMon_Handler
 .text.PendSV_Handler
                0x08001168        0xc CMakeFiles/task4_debounce.dir/Core/Src/stm32f1xx_it.c.obj
                0x08001168                PendSV_Handler
 .text.SysTick_Handler
                0x08001174        0xc CMakeFiles/task4_debounce.dir/Core/Src/stm32f1xx_it.c.obj
                0x08001174                SysTick_Handler
 .text.HAL_MspInit
                0x08001180       0x64 CMakeFiles/task4_debounce.dir/Core/Src/stm32f1xx_hal_msp.c.obj
                0x08001180                HAL_MspInit
 .text.Reset_Handler
                0x080011e4       0x48 CMakeFiles/task4_debounce.dir/startup_stm32f103xb.s.obj
                0x080011e4                Reset_Handler
 .text.Default_Handler
                0x0800122c        0x2 CMakeFiles/task4_debounce.dir/startup_stm32f103xb.s.obj
                0x0800122c                RTC_Alarm_IRQHandler
                0x0800122c                EXTI2_IRQHandler
                0x0800122c                TIM1_CC_IRQHandler
                0x0800122c                PVD_IRQHandler
                0x0800122c                EXTI3_IRQHandler
                0x0800122c                EXTI0_IRQHandler
                0x0800122c                I2C2_EV_IRQHandler
                0x0800122c                ADC1_2_IRQHandler
                0x0800122c                SPI1_IRQHandler
                0x0800122c                TAMPER_IRQHandler
                0x0800122c                DMA1_Channel4_IRQHandler
                0x0800122c                USART3_IRQHandler
                0x0800122c                RTC_IRQHandler
                0x0800122c                DMA1_Channel7_IRQHandler
                0x0800122c                CAN1_RX1_IRQHandler
                0x0800122c                TIM4_IRQHandler
                0x0800122c                I2C1_EV_IRQHandler
                0x0800122c                DMA1_Channel6_IRQHandler
                0x0800122c                TIM3_IRQHandler
                0x0800122c                RCC_IRQHandler
                0x0800122c                TIM1_TRG_COM_IRQHandler
                0x0800122c                DMA1_Channel1_IRQHandler
                0x0800122c                Default_Handler
                0x0800122c                EXTI15_10_IRQHandler
                0x0800122c                EXTI9_5_IRQHandler
                0x0800122c                SPI2_IRQHandler
                0x0800122c                DMA1_Channel5_IRQHandler
                0x0800122c                EXTI4_IRQHandler
                0x0800122c                USB_LP_CAN1_RX0_IRQHandler
                0x0800122c                USB_HP_CAN1_TX_IRQHandler
                0x0800122c                DMA1_Channel3_IRQHandler
                0x0800122c                TIM1_UP_IRQHandler
                0x0800122c                WWDG_IRQHandler
                0x0800122c                TIM2_IRQHandler
                0x0800122c                TIM1_BRK_IRQHandler
                0x0800122c                EXTI1_IRQHandler
                0x0800122c                USART2_IRQHandler
                0x0800122c                I2C2_ER_IRQHandler
                0x0800122c                DMA1_Channel2_IRQHandler
                0x0800122c                CAN1_SCE_IRQHandler
                0x0800122c                FLASH_IRQHandler
                0x0800122c                USART1_IRQHandler
                0x0800122c                I2C1_ER_IRQHandler
                0x0800122c                USBWakeUp_IRQHandler
 .text.memset   0x0800122e       0x10 C:/PROGRA~2/ARMGNU~1/14EFD8~1.2RE/bin/../lib/gcc/arm-none-eabi/14.2.1/thumb/v7-m/nofp\libg_nano.a(libc_a-memset.o)
                0x0800122e                memset
 *fill*         0x0800123e        0x2 
 .text.__libc_init_array
                0x08001240       0x48 C:/PROGRA~2/ARMGNU~1/14EFD8~1.2RE/bin/../lib/gcc/arm-none-eabi/14.2.1/thumb/v7-m/nofp\libg_nano.a(libc_a-init.o)
                0x08001240                __libc_init_array
 *(.glue_7)
 .glue_7        0x08001288        0x0 linker stubs
 *(.glue_7t)
 .glue_7t       0x08001288        0x0 linker stubs
 *(.eh_frame)
 .eh_frame      0x08001288        0x0 C:/PROGRA~2/ARMGNU~1/14EFD8~1.2RE/bin/../lib/gcc/arm-none-eabi/14.2.1/thumb/v7-m/nofp/crtbegin.o
 *(.init)
 .init          0x08001288        0x4 C:/PROGRA~2/ARMGNU~1/14EFD8~1.2RE/bin/../lib/gcc/arm-none-eabi/14.2.1/thumb/v7-m/nofp/crti.o
                0x08001288                _init
 .init          0x0800128c        0x8 C:/PROGRA~2/ARMGNU~1/14EFD8~1.2RE/bin/../lib/gcc/arm-none-eabi/14.2.1/thumb/v7-m/nofp/crtn.o
 *(.fini)
 .fini          0x08001294        0x4 C:/PROGRA~2/ARMGNU~1/14EFD8~1.2RE/bin/../lib/gcc/arm-none-eabi/14.2.1/thumb/v7-m/nofp/crti.o
                0x08001294                _fini
 .fini          0x08001298        0x8 C:/PROGRA~2/ARMGNU~1/14EFD8~1.2RE/bin/../lib/gcc/arm-none-eabi/14.2.1/thumb/v7-m/nofp/crtn.o
                0x080012a0                        . = ALIGN (0x4)
                0x080012a0                        _etext = .

.vfp11_veneer   0x080012a0        0x0
 .vfp11_veneer  0x080012a0        0x0 linker stubs

.v4_bx          0x080012a0        0x0
 .v4_bx         0x080012a0        0x0 linker stubs

.iplt           0x080012a0        0x0
 .iplt          0x080012a0        0x0 C:/PROGRA~2/ARMGNU~1/14EFD8~1.2RE/bin/../lib/gcc/arm-none-eabi/14.2.1/thumb/v7-m/nofp/crtbegin.o

.rodata         0x080012a0       0x24
                0x080012a0                        . = ALIGN (0x4)
 *(.rodata)
 *(.rodata*)
 .rodata.AHBPrescTable
                0x080012a0       0x10 cmake/stm32cubemx/CMakeFiles/STM32_Drivers.dir/__/__/Core/Src/system_stm32f1xx.c.obj
                0x080012a0                AHBPrescTable
 .rodata.aPLLMULFactorTable.1
                0x080012b0       0x10 cmake/stm32cubemx/CMakeFiles/STM32_Drivers.dir/__/__/Drivers/STM32F1xx_HAL_Driver/Src/stm32f1xx_hal_rcc.c.obj
 .rodata.aPredivFactorTable.0
                0x080012c0        0x2 cmake/stm32cubemx/CMakeFiles/STM32_Drivers.dir/__/__/Drivers/STM32F1xx_HAL_Driver/Src/stm32f1xx_hal_rcc.c.obj
                0x080012c4                        . = ALIGN (0x4)
 *fill*         0x080012c2        0x2 

.ARM.extab      0x080012c4        0x0
                0x080012c4                        . = ALIGN (0x4)
 *(.ARM.extab* .gnu.linkonce.armextab.*)
                0x080012c4                        . = ALIGN (0x4)

.ARM            0x080012c4        0x0
                0x080012c4                        . = ALIGN (0x4)
                0x080012c4                        __exidx_start = .
 *(.ARM.exidx*)
                0x080012c4                        __exidx_end = .
                0x080012c4                        . = ALIGN (0x4)

.preinit_array  0x080012c4        0x0
                0x080012c4                        . = ALIGN (0x4)
                0x080012c4                        PROVIDE (__preinit_array_start = .)
 *(.preinit_array*)
                0x080012c4                        PROVIDE (__preinit_array_end = .)
                0x080012c4                        . = ALIGN (0x4)

.init_array     0x080012c4        0x4
                0x080012c4                        . = ALIGN (0x4)
                0x080012c4                        PROVIDE (__init_array_start = .)
 *(SORT_BY_NAME(.init_array.*))
 *(.init_array*)
 .init_array    0x080012c4        0x4 C:/PROGRA~2/ARMGNU~1/14EFD8~1.2RE/bin/../lib/gcc/arm-none-eabi/14.2.1/thumb/v7-m/nofp/crtbegin.o
                0x080012c8                        PROVIDE (__init_array_end = .)
                0x080012c8                        . = ALIGN (0x4)

.fini_array     0x080012c8        0x4
                0x080012c8                        . = ALIGN (0x4)
                [!provide]                        PROVIDE (__fini_array_start = .)
 *(SORT_BY_NAME(.fini_array.*))
 *(.fini_array*)
 .fini_array    0x080012c8        0x4 C:/PROGRA~2/ARMGNU~1/14EFD8~1.2RE/bin/../lib/gcc/arm-none-eabi/14.2.1/thumb/v7-m/nofp/crtbegin.o
                [!provide]                        PROVIDE (__fini_array_end = .)
                0x080012cc                        . = ALIGN (0x4)
                0x080012cc                        _sidata = LOADADDR (.data)

.rel.dyn        0x080012cc        0x0
 .rel.iplt      0x080012cc        0x0 C:/PROGRA~2/ARMGNU~1/14EFD8~1.2RE/bin/../lib/gcc/arm-none-eabi/14.2.1/thumb/v7-m/nofp/crtbegin.o

.data           0x20000000        0xc load address 0x080012cc
                0x20000000                        . = ALIGN (0x4)
                0x20000000                        _sdata = .
 *(.data)
 *(.data*)
 .data.SystemCoreClock
                0x20000000        0x4 cmake/stm32cubemx/CMakeFiles/STM32_Drivers.dir/__/__/Core/Src/system_stm32f1xx.c.obj
                0x20000000                SystemCoreClock
 .data.uwTickPrio
                0x20000004        0x4 cmake/stm32cubemx/CMakeFiles/STM32_Drivers.dir/__/__/Drivers/STM32F1xx_HAL_Driver/Src/stm32f1xx_hal.c.obj
                0x20000004                uwTickPrio
 .data.uwTickFreq
                0x20000008        0x1 cmake/stm32cubemx/CMakeFiles/STM32_Drivers.dir/__/__/Drivers/STM32F1xx_HAL_Driver/Src/stm32f1xx_hal.c.obj
                0x20000008                uwTickFreq
 .data.last_button_state.2
                0x20000009        0x1 CMakeFiles/task4_debounce.dir/Core/Src/main.c.obj
 *(.RamFunc)
 *(.RamFunc*)
                0x2000000c                        . = ALIGN (0x4)
 *fill*         0x2000000a        0x2 

.tm_clone_table
                0x2000000c        0x0 load address 0x080012d8
 .tm_clone_table
                0x2000000c        0x0 C:/PROGRA~2/ARMGNU~1/14EFD8~1.2RE/bin/../lib/gcc/arm-none-eabi/14.2.1/thumb/v7-m/nofp/crtbegin.o
 .tm_clone_table
                0x2000000c        0x0 C:/PROGRA~2/ARMGNU~1/14EFD8~1.2RE/bin/../lib/gcc/arm-none-eabi/14.2.1/thumb/v7-m/nofp/crtend.o

.igot.plt       0x2000000c        0x0 load address 0x080012d8
 .igot.plt      0x2000000c        0x0 C:/PROGRA~2/ARMGNU~1/14EFD8~1.2RE/bin/../lib/gcc/arm-none-eabi/14.2.1/thumb/v7-m/nofp/crtbegin.o

.tdata          0x2000000c        0x0 load address 0x080012d8
 *(.tdata .tdata.* .gnu.linkonce.td.*)
                0x2000000c                        . = ALIGN (0x4)
                0x2000000c                        _edata = .
                [!provide]                        PROVIDE (__data_end = .)
                [!provide]                        PROVIDE (__tdata_end = .)
                [!provide]                        PROVIDE (__tdata_start = ADDR (.tdata))
                [!provide]                        PROVIDE (__tdata_size = (__tdata_end - __tdata_start))
                [!provide]                        PROVIDE (__data_start = ADDR (.data))
                [!provide]                        PROVIDE (__data_size = (__data_end - __data_start))
                [!provide]                        PROVIDE (__tdata_source = LOADADDR (.tdata))
                [!provide]                        PROVIDE (__tdata_source_end = (LOADADDR (.tdata) + SIZEOF (.tdata)))
                [!provide]                        PROVIDE (__tdata_source_size = (__tdata_source_end - __tdata_source))
                [!provide]                        PROVIDE (__data_source = LOADADDR (.data))
                [!provide]                        PROVIDE (__data_source_end = __tdata_source_end)
                [!provide]                        PROVIDE (__data_source_size = (__data_source_end - __data_source))

.tbss           0x2000000c        0x0 load address 0x080012d8
                0x2000000c                        _sbss = .
                0x2000000c                        __bss_start__ = _sbss
 *(.tbss .tbss.*)
                0x2000000c                        . = ALIGN (0x4)
                [!provide]                        PROVIDE (__tbss_end = .)
                [!provide]                        PROVIDE (__tbss_start = ADDR (.tbss))
                [!provide]                        PROVIDE (__tbss_size = (__tbss_end - __tbss_start))
                [!provide]                        PROVIDE (__tbss_offset = (ADDR (.tbss) - ADDR (.tdata)))
                [!provide]                        PROVIDE (__tls_base = __tdata_start)
                [!provide]                        PROVIDE (__tls_end = __tbss_end)
                [!provide]                        PROVIDE (__tls_size = (__tls_end - __tls_base))
                [!provide]                        PROVIDE (__tls_align = MAX (ALIGNOF (.tdata), ALIGNOF (.tbss)))
                [!provide]                        PROVIDE (__tls_size_align = (((__tls_size + __tls_align) - 0x1) & ~ ((__tls_align - 0x1))))
                [!provide]                        PROVIDE (__arm32_tls_tcb_offset = MAX (0x8, __tls_align))
                [!provide]                        PROVIDE (__arm64_tls_tcb_offset = MAX (0x10, __tls_align))

.bss            0x2000000c       0x28 load address 0x080012d8
 *(.bss)
 *(.bss*)
 .bss.completed.1
                0x2000000c        0x1 C:/PROGRA~2/ARMGNU~1/14EFD8~1.2RE/bin/../lib/gcc/arm-none-eabi/14.2.1/thumb/v7-m/nofp/crtbegin.o
 *fill*         0x2000000d        0x3 
 .bss.object.0  0x20000010       0x18 C:/PROGRA~2/ARMGNU~1/14EFD8~1.2RE/bin/../lib/gcc/arm-none-eabi/14.2.1/thumb/v7-m/nofp/crtbegin.o
 .bss.uwTick    0x20000028        0x4 cmake/stm32cubemx/CMakeFiles/STM32_Drivers.dir/__/__/Drivers/STM32F1xx_HAL_Driver/Src/stm32f1xx_hal.c.obj
                0x20000028                uwTick
 .bss.last_debounce_time.1
                0x2000002c        0x4 CMakeFiles/task4_debounce.dir/Core/Src/main.c.obj
 .bss.is_pressed.0
                0x20000030        0x1 CMakeFiles/task4_debounce.dir/Core/Src/main.c.obj
 *(COMMON)
                0x20000034                        . = ALIGN (0x4)
 *fill*         0x20000031        0x3 
                0x20000034                        _ebss = .
                0x20000034                        __bss_end__ = _ebss
                [!provide]                        PROVIDE (__bss_end = .)
                [!provide]                        PROVIDE (__non_tls_bss_start = ADDR (.bss))
                [!provide]                        PROVIDE (__bss_start = __tbss_start)
                [!provide]                        PROVIDE (__bss_size = (__bss_end - __bss_start))

._user_heap_stack
                0x20000034      0x604 load address 0x080012d8
                0x20000038                        . = ALIGN (0x8)
 *fill*         0x20000034        0x4 
                [!provide]                        PROVIDE (end = .)
                0x20000038                        PROVIDE (_end = .)
                0x20000238                        . = (. + _Min_Heap_Size)
 *fill*         0x20000038      0x200 
                0x20000638                        . = (. + _Min_Stack_Size)
 *fill*         0x20000238      0x400 
                0x20000638                        . = ALIGN (0x8)

/DISCARD/
 libc.a:*(*)
 libm.a:*(*)
 libgcc.a:*(*)
OUTPUT(task4_debounce.elf elf32-littlearm)
LOAD linker stubs

.ARM.attributes
                0x00000000       0x29
 .ARM.attributes
                0x00000000       0x1d C:/PROGRA~2/ARMGNU~1/14EFD8~1.2RE/bin/../lib/gcc/arm-none-eabi/14.2.1/thumb/v7-m/nofp/crti.o
 .ARM.attributes
                0x0000001d       0x2d C:/PROGRA~2/ARMGNU~1/14EFD8~1.2RE/bin/../lib/gcc/arm-none-eabi/14.2.1/thumb/v7-m/nofp/crtbegin.o
 .ARM.attributes
                0x0000004a       0x2d cmake/stm32cubemx/CMakeFiles/STM32_Drivers.dir/__/__/Core/Src/system_stm32f1xx.c.obj
 .ARM.attributes
                0x00000077       0x2d cmake/stm32cubemx/CMakeFiles/STM32_Drivers.dir/__/__/Drivers/STM32F1xx_HAL_Driver/Src/stm32f1xx_hal.c.obj
 .ARM.attributes
                0x000000a4       0x2d cmake/stm32cubemx/CMakeFiles/STM32_Drivers.dir/__/__/Drivers/STM32F1xx_HAL_Driver/Src/stm32f1xx_hal_rcc.c.obj
 .ARM.attributes
                0x000000d1       0x2d cmake/stm32cubemx/CMakeFiles/STM32_Drivers.dir/__/__/Drivers/STM32F1xx_HAL_Driver/Src/stm32f1xx_hal_gpio.c.obj
 .ARM.attributes
                0x000000fe       0x2d cmake/stm32cubemx/CMakeFiles/STM32_Drivers.dir/__/__/Drivers/STM32F1xx_HAL_Driver/Src/stm32f1xx_hal_cortex.c.obj
 .ARM.attributes
                0x0000012b       0x2d CMakeFiles/task4_debounce.dir/Core/Src/main.c.obj
 .ARM.attributes
                0x00000158       0x2d CMakeFiles/task4_debounce.dir/Core/Src/stm32f1xx_it.c.obj
 .ARM.attributes
                0x00000185       0x2d CMakeFiles/task4_debounce.dir/Core/Src/stm32f1xx_hal_msp.c.obj
 .ARM.attributes
                0x000001b2       0x21 CMakeFiles/task4_debounce.dir/startup_stm32f103xb.s.obj
 .ARM.attributes
                0x000001d3       0x2d C:/PROGRA~2/ARMGNU~1/14EFD8~1.2RE/bin/../lib/gcc/arm-none-eabi/14.2.1/thumb/v7-m/nofp\libg_nano.a(libc_a-memset.o)
 .ARM.attributes
                0x00000200       0x2d C:/PROGRA~2/ARMGNU~1/14EFD8~1.2RE/bin/../lib/gcc/arm-none-eabi/14.2.1/thumb/v7-m/nofp\libg_nano.a(libc_a-init.o)
 .ARM.attributes
                0x0000022d       0x2d C:/PROGRA~2/ARMGNU~1/14EFD8~1.2RE/bin/../lib/gcc/arm-none-eabi/14.2.1/thumb/v7-m/nofp/crtend.o
 .ARM.attributes
                0x0000025a       0x1d C:/PROGRA~2/ARMGNU~1/14EFD8~1.2RE/bin/../lib/gcc/arm-none-eabi/14.2.1/thumb/v7-m/nofp/crtn.o

.comment        0x00000000       0x45
 .comment       0x00000000       0x45 cmake/stm32cubemx/CMakeFiles/STM32_Drivers.dir/__/__/Core/Src/system_stm32f1xx.c.obj
                                 0x46 (size before relaxing)
 .comment       0x00000045       0x46 cmake/stm32cubemx/CMakeFiles/STM32_Drivers.dir/__/__/Drivers/STM32F1xx_HAL_Driver/Src/stm32f1xx_hal.c.obj
 .comment       0x00000045       0x46 cmake/stm32cubemx/CMakeFiles/STM32_Drivers.dir/__/__/Drivers/STM32F1xx_HAL_Driver/Src/stm32f1xx_hal_rcc.c.obj
 .comment       0x00000045       0x46 cmake/stm32cubemx/CMakeFiles/STM32_Drivers.dir/__/__/Drivers/STM32F1xx_HAL_Driver/Src/stm32f1xx_hal_gpio.c.obj
 .comment       0x00000045       0x46 cmake/stm32cubemx/CMakeFiles/STM32_Drivers.dir/__/__/Drivers/STM32F1xx_HAL_Driver/Src/stm32f1xx_hal_cortex.c.obj
 .comment       0x00000045       0x46 CMakeFiles/task4_debounce.dir/Core/Src/main.c.obj
 .comment       0x00000045       0x46 CMakeFiles/task4_debounce.dir/Core/Src/stm32f1xx_it.c.obj
 .comment       0x00000045       0x46 CMakeFiles/task4_debounce.dir/Core/Src/stm32f1xx_hal_msp.c.obj

.debug_info     0x00000000     0x2995
 .debug_info    0x00000000      0x222 cmake/stm32cubemx/CMakeFiles/STM32_Drivers.dir/__/__/Core/Src/system_stm32f1xx.c.obj
 .debug_info    0x00000222      0x704 cmake/stm32cubemx/CMakeFiles/STM32_Drivers.dir/__/__/Drivers/STM32F1xx_HAL_Driver/Src/stm32f1xx_hal.c.obj
 .debug_info    0x00000926      0x7d5 cmake/stm32cubemx/CMakeFiles/STM32_Drivers.dir/__/__/Drivers/STM32F1xx_HAL_Driver/Src/stm32f1xx_hal_rcc.c.obj
 .debug_info    0x000010fb      0x5ab cmake/stm32cubemx/CMakeFiles/STM32_Drivers.dir/__/__/Drivers/STM32F1xx_HAL_Driver/Src/stm32f1xx_hal_gpio.c.obj
 .debug_info    0x000016a6      0xa87 cmake/stm32cubemx/CMakeFiles/STM32_Drivers.dir/__/__/Drivers/STM32F1xx_HAL_Driver/Src/stm32f1xx_hal_cortex.c.obj
 .debug_info    0x0000212d      0x534 CMakeFiles/task4_debounce.dir/Core/Src/main.c.obj
 .debug_info    0x00002661      0x113 CMakeFiles/task4_debounce.dir/Core/Src/stm32f1xx_it.c.obj
 .debug_info    0x00002774      0x1f1 CMakeFiles/task4_debounce.dir/Core/Src/stm32f1xx_hal_msp.c.obj
 .debug_info    0x00002965       0x30 CMakeFiles/task4_debounce.dir/startup_stm32f103xb.s.obj

.debug_abbrev   0x00000000      0xe23
 .debug_abbrev  0x00000000      0x13f cmake/stm32cubemx/CMakeFiles/STM32_Drivers.dir/__/__/Core/Src/system_stm32f1xx.c.obj
 .debug_abbrev  0x0000013f      0x201 cmake/stm32cubemx/CMakeFiles/STM32_Drivers.dir/__/__/Drivers/STM32F1xx_HAL_Driver/Src/stm32f1xx_hal.c.obj
 .debug_abbrev  0x00000340      0x2b3 cmake/stm32cubemx/CMakeFiles/STM32_Drivers.dir/__/__/Drivers/STM32F1xx_HAL_Driver/Src/stm32f1xx_hal_rcc.c.obj
 .debug_abbrev  0x000005f3      0x1ca cmake/stm32cubemx/CMakeFiles/STM32_Drivers.dir/__/__/Drivers/STM32F1xx_HAL_Driver/Src/stm32f1xx_hal_gpio.c.obj
 .debug_abbrev  0x000007bd      0x2f8 cmake/stm32cubemx/CMakeFiles/STM32_Drivers.dir/__/__/Drivers/STM32F1xx_HAL_Driver/Src/stm32f1xx_hal_cortex.c.obj
 .debug_abbrev  0x00000ab5      0x1fc CMakeFiles/task4_debounce.dir/Core/Src/main.c.obj
 .debug_abbrev  0x00000cb1       0x73 CMakeFiles/task4_debounce.dir/Core/Src/stm32f1xx_it.c.obj
 .debug_abbrev  0x00000d24       0xdb CMakeFiles/task4_debounce.dir/Core/Src/stm32f1xx_hal_msp.c.obj
 .debug_abbrev  0x00000dff       0x24 CMakeFiles/task4_debounce.dir/startup_stm32f103xb.s.obj

.debug_aranges  0x00000000      0x3d0
 .debug_aranges
                0x00000000       0x28 cmake/stm32cubemx/CMakeFiles/STM32_Drivers.dir/__/__/Core/Src/system_stm32f1xx.c.obj
 .debug_aranges
                0x00000028       0xe0 cmake/stm32cubemx/CMakeFiles/STM32_Drivers.dir/__/__/Drivers/STM32F1xx_HAL_Driver/Src/stm32f1xx_hal.c.obj
 .debug_aranges
                0x00000108       0x90 cmake/stm32cubemx/CMakeFiles/STM32_Drivers.dir/__/__/Drivers/STM32F1xx_HAL_Driver/Src/stm32f1xx_hal_rcc.c.obj
 .debug_aranges
                0x00000198       0x58 cmake/stm32cubemx/CMakeFiles/STM32_Drivers.dir/__/__/Drivers/STM32F1xx_HAL_Driver/Src/stm32f1xx_hal_gpio.c.obj
 .debug_aranges
                0x000001f0      0x100 cmake/stm32cubemx/CMakeFiles/STM32_Drivers.dir/__/__/Drivers/STM32F1xx_HAL_Driver/Src/stm32f1xx_hal_cortex.c.obj
 .debug_aranges
                0x000002f0       0x38 CMakeFiles/task4_debounce.dir/Core/Src/main.c.obj
 .debug_aranges
                0x00000328       0x60 CMakeFiles/task4_debounce.dir/Core/Src/stm32f1xx_it.c.obj
 .debug_aranges
                0x00000388       0x20 CMakeFiles/task4_debounce.dir/Core/Src/stm32f1xx_hal_msp.c.obj
 .debug_aranges
                0x000003a8       0x28 CMakeFiles/task4_debounce.dir/startup_stm32f103xb.s.obj

.debug_rnglists
                0x00000000      0x2b9
 .debug_rnglists
                0x00000000       0x1a cmake/stm32cubemx/CMakeFiles/STM32_Drivers.dir/__/__/Core/Src/system_stm32f1xx.c.obj
 .debug_rnglists
                0x0000001a       0xa3 cmake/stm32cubemx/CMakeFiles/STM32_Drivers.dir/__/__/Drivers/STM32F1xx_HAL_Driver/Src/stm32f1xx_hal.c.obj
 .debug_rnglists
                0x000000bd       0x6c cmake/stm32cubemx/CMakeFiles/STM32_Drivers.dir/__/__/Drivers/STM32F1xx_HAL_Driver/Src/stm32f1xx_hal_rcc.c.obj
 .debug_rnglists
                0x00000129       0x3f cmake/stm32cubemx/CMakeFiles/STM32_Drivers.dir/__/__/Drivers/STM32F1xx_HAL_Driver/Src/stm32f1xx_hal_gpio.c.obj
 .debug_rnglists
                0x00000168       0xbb cmake/stm32cubemx/CMakeFiles/STM32_Drivers.dir/__/__/Drivers/STM32F1xx_HAL_Driver/Src/stm32f1xx_hal_cortex.c.obj
 .debug_rnglists
                0x00000223       0x27 CMakeFiles/task4_debounce.dir/Core/Src/main.c.obj
 .debug_rnglists
                0x0000024a       0x43 CMakeFiles/task4_debounce.dir/Core/Src/stm32f1xx_it.c.obj
 .debug_rnglists
                0x0000028d       0x13 CMakeFiles/task4_debounce.dir/Core/Src/stm32f1xx_hal_msp.c.obj
 .debug_rnglists
                0x000002a0       0x19 CMakeFiles/task4_debounce.dir/startup_stm32f103xb.s.obj

.debug_macro    0x00000000    0x15958
 .debug_macro   0x00000000      0x184 cmake/stm32cubemx/CMakeFiles/STM32_Drivers.dir/__/__/Core/Src/system_stm32f1xx.c.obj
 .debug_macro   0x00000184      0xacc cmake/stm32cubemx/CMakeFiles/STM32_Drivers.dir/__/__/Core/Src/system_stm32f1xx.c.obj
 .debug_macro   0x00000c50       0x2e cmake/stm32cubemx/CMakeFiles/STM32_Drivers.dir/__/__/Core/Src/system_stm32f1xx.c.obj
 .debug_macro   0x00000c7e       0x22 cmake/stm32cubemx/CMakeFiles/STM32_Drivers.dir/__/__/Core/Src/system_stm32f1xx.c.obj
 .debug_macro   0x00000ca0       0x22 cmake/stm32cubemx/CMakeFiles/STM32_Drivers.dir/__/__/Core/Src/system_stm32f1xx.c.obj
 .debug_macro   0x00000cc2       0x8e cmake/stm32cubemx/CMakeFiles/STM32_Drivers.dir/__/__/Core/Src/system_stm32f1xx.c.obj
 .debug_macro   0x00000d50       0x51 cmake/stm32cubemx/CMakeFiles/STM32_Drivers.dir/__/__/Core/Src/system_stm32f1xx.c.obj
 .debug_macro   0x00000da1      0x103 cmake/stm32cubemx/CMakeFiles/STM32_Drivers.dir/__/__/Core/Src/system_stm32f1xx.c.obj
 .debug_macro   0x00000ea4       0x6a cmake/stm32cubemx/CMakeFiles/STM32_Drivers.dir/__/__/Core/Src/system_stm32f1xx.c.obj
 .debug_macro   0x00000f0e      0x1df cmake/stm32cubemx/CMakeFiles/STM32_Drivers.dir/__/__/Core/Src/system_stm32f1xx.c.obj
 .debug_macro   0x000010ed       0x1c cmake/stm32cubemx/CMakeFiles/STM32_Drivers.dir/__/__/Core/Src/system_stm32f1xx.c.obj
 .debug_macro   0x00001109       0x22 cmake/stm32cubemx/CMakeFiles/STM32_Drivers.dir/__/__/Core/Src/system_stm32f1xx.c.obj
 .debug_macro   0x0000112b       0xbd cmake/stm32cubemx/CMakeFiles/STM32_Drivers.dir/__/__/Core/Src/system_stm32f1xx.c.obj
 .debug_macro   0x000011e8      0xd23 cmake/stm32cubemx/CMakeFiles/STM32_Drivers.dir/__/__/Core/Src/system_stm32f1xx.c.obj
 .debug_macro   0x00001f0b     0xe09e cmake/stm32cubemx/CMakeFiles/STM32_Drivers.dir/__/__/Core/Src/system_stm32f1xx.c.obj
 .debug_macro   0x0000ffa9       0x6d cmake/stm32cubemx/CMakeFiles/STM32_Drivers.dir/__/__/Core/Src/system_stm32f1xx.c.obj
 .debug_macro   0x00010016      0x20f cmake/stm32cubemx/CMakeFiles/STM32_Drivers.dir/__/__/Core/Src/system_stm32f1xx.c.obj
 .debug_macro   0x00010225     0x34a2 cmake/stm32cubemx/CMakeFiles/STM32_Drivers.dir/__/__/Core/Src/system_stm32f1xx.c.obj
 .debug_macro   0x000136c7      0x190 cmake/stm32cubemx/CMakeFiles/STM32_Drivers.dir/__/__/Core/Src/system_stm32f1xx.c.obj
 .debug_macro   0x00013857       0x5c cmake/stm32cubemx/CMakeFiles/STM32_Drivers.dir/__/__/Core/Src/system_stm32f1xx.c.obj
 .debug_macro   0x000138b3      0x5bc cmake/stm32cubemx/CMakeFiles/STM32_Drivers.dir/__/__/Core/Src/system_stm32f1xx.c.obj
 .debug_macro   0x00013e6f      0x289 cmake/stm32cubemx/CMakeFiles/STM32_Drivers.dir/__/__/Core/Src/system_stm32f1xx.c.obj
 .debug_macro   0x000140f8      0x1cb cmake/stm32cubemx/CMakeFiles/STM32_Drivers.dir/__/__/Core/Src/system_stm32f1xx.c.obj
 .debug_macro   0x000142c3      0x114 cmake/stm32cubemx/CMakeFiles/STM32_Drivers.dir/__/__/Core/Src/system_stm32f1xx.c.obj
 .debug_macro   0x000143d7      0x1b2 cmake/stm32cubemx/CMakeFiles/STM32_Drivers.dir/__/__/Core/Src/system_stm32f1xx.c.obj
 .debug_macro   0x00014589       0x27 cmake/stm32cubemx/CMakeFiles/STM32_Drivers.dir/__/__/Core/Src/system_stm32f1xx.c.obj
 .debug_macro   0x000145b0      0x136 cmake/stm32cubemx/CMakeFiles/STM32_Drivers.dir/__/__/Core/Src/system_stm32f1xx.c.obj
 .debug_macro   0x000146e6      0x1bc cmake/stm32cubemx/CMakeFiles/STM32_Drivers.dir/__/__/Core/Src/system_stm32f1xx.c.obj
 .debug_macro   0x000148a2       0x34 cmake/stm32cubemx/CMakeFiles/STM32_Drivers.dir/__/__/Core/Src/system_stm32f1xx.c.obj
 .debug_macro   0x000148d6       0x3c cmake/stm32cubemx/CMakeFiles/STM32_Drivers.dir/__/__/Core/Src/system_stm32f1xx.c.obj
 .debug_macro   0x00014912       0x57 cmake/stm32cubemx/CMakeFiles/STM32_Drivers.dir/__/__/Core/Src/system_stm32f1xx.c.obj
 .debug_macro   0x00014969       0x87 cmake/stm32cubemx/CMakeFiles/STM32_Drivers.dir/__/__/Core/Src/system_stm32f1xx.c.obj
 .debug_macro   0x000149f0      0x240 cmake/stm32cubemx/CMakeFiles/STM32_Drivers.dir/__/__/Core/Src/system_stm32f1xx.c.obj
 .debug_macro   0x00014c30      0x140 cmake/stm32cubemx/CMakeFiles/STM32_Drivers.dir/__/__/Core/Src/system_stm32f1xx.c.obj
 .debug_macro   0x00014d70       0x83 cmake/stm32cubemx/CMakeFiles/STM32_Drivers.dir/__/__/Core/Src/system_stm32f1xx.c.obj
 .debug_macro   0x00014df3      0x1a8 cmake/stm32cubemx/CMakeFiles/STM32_Drivers.dir/__/__/Drivers/STM32F1xx_HAL_Driver/Src/stm32f1xx_hal.c.obj
 .debug_macro   0x00014f9b      0x196 cmake/stm32cubemx/CMakeFiles/STM32_Drivers.dir/__/__/Drivers/STM32F1xx_HAL_Driver/Src/stm32f1xx_hal_rcc.c.obj
 .debug_macro   0x00015131      0x1ef cmake/stm32cubemx/CMakeFiles/STM32_Drivers.dir/__/__/Drivers/STM32F1xx_HAL_Driver/Src/stm32f1xx_hal_gpio.c.obj
 .debug_macro   0x00015320      0x184 cmake/stm32cubemx/CMakeFiles/STM32_Drivers.dir/__/__/Drivers/STM32F1xx_HAL_Driver/Src/stm32f1xx_hal_cortex.c.obj
 .debug_macro   0x000154a4      0x18e CMakeFiles/task4_debounce.dir/Core/Src/main.c.obj
 .debug_macro   0x00015632      0x198 CMakeFiles/task4_debounce.dir/Core/Src/stm32f1xx_it.c.obj
 .debug_macro   0x000157ca      0x18e CMakeFiles/task4_debounce.dir/Core/Src/stm32f1xx_hal_msp.c.obj

.debug_line     0x00000000     0x4280
 .debug_line    0x00000000      0x64b cmake/stm32cubemx/CMakeFiles/STM32_Drivers.dir/__/__/Core/Src/system_stm32f1xx.c.obj
 .debug_line    0x0000064b      0x87c cmake/stm32cubemx/CMakeFiles/STM32_Drivers.dir/__/__/Drivers/STM32F1xx_HAL_Driver/Src/stm32f1xx_hal.c.obj
 .debug_line    0x00000ec7      0xd35 cmake/stm32cubemx/CMakeFiles/STM32_Drivers.dir/__/__/Drivers/STM32F1xx_HAL_Driver/Src/stm32f1xx_hal_rcc.c.obj
 .debug_line    0x00001bfc      0x8d9 cmake/stm32cubemx/CMakeFiles/STM32_Drivers.dir/__/__/Drivers/STM32F1xx_HAL_Driver/Src/stm32f1xx_hal_gpio.c.obj
 .debug_line    0x000024d5      0xa46 cmake/stm32cubemx/CMakeFiles/STM32_Drivers.dir/__/__/Drivers/STM32F1xx_HAL_Driver/Src/stm32f1xx_hal_cortex.c.obj
 .debug_line    0x00002f1b      0x6a5 CMakeFiles/task4_debounce.dir/Core/Src/main.c.obj
 .debug_line    0x000035c0      0x67b CMakeFiles/task4_debounce.dir/Core/Src/stm32f1xx_it.c.obj
 .debug_line    0x00003c3b      0x5cd CMakeFiles/task4_debounce.dir/Core/Src/stm32f1xx_hal_msp.c.obj
 .debug_line    0x00004208       0x78 CMakeFiles/task4_debounce.dir/startup_stm32f103xb.s.obj

.debug_str      0x00000000    0x7befa
 .debug_str     0x00000000    0x7befa cmake/stm32cubemx/CMakeFiles/STM32_Drivers.dir/__/__/Core/Src/system_stm32f1xx.c.obj
                              0x7ae3f (size before relaxing)
 .debug_str     0x0007befa    0x7b572 cmake/stm32cubemx/CMakeFiles/STM32_Drivers.dir/__/__/Drivers/STM32F1xx_HAL_Driver/Src/stm32f1xx_hal.c.obj
 .debug_str     0x0007befa    0x7b26e cmake/stm32cubemx/CMakeFiles/STM32_Drivers.dir/__/__/Drivers/STM32F1xx_HAL_Driver/Src/stm32f1xx_hal_rcc.c.obj
 .debug_str     0x0007befa    0x7b1c5 cmake/stm32cubemx/CMakeFiles/STM32_Drivers.dir/__/__/Drivers/STM32F1xx_HAL_Driver/Src/stm32f1xx_hal_gpio.c.obj
 .debug_str     0x0007befa    0x7b4be cmake/stm32cubemx/CMakeFiles/STM32_Drivers.dir/__/__/Drivers/STM32F1xx_HAL_Driver/Src/stm32f1xx_hal_cortex.c.obj
 .debug_str     0x0007befa    0x7b0ad CMakeFiles/task4_debounce.dir/Core/Src/main.c.obj
 .debug_str     0x0007befa    0x7ae29 CMakeFiles/task4_debounce.dir/Core/Src/stm32f1xx_it.c.obj
 .debug_str     0x0007befa    0x7ae14 CMakeFiles/task4_debounce.dir/Core/Src/stm32f1xx_hal_msp.c.obj
 .debug_str     0x0007befa       0xba CMakeFiles/task4_debounce.dir/startup_stm32f103xb.s.obj

.debug_frame    0x00000000      0xd30
 .debug_frame   0x00000000       0x58 cmake/stm32cubemx/CMakeFiles/STM32_Drivers.dir/__/__/Core/Src/system_stm32f1xx.c.obj
 .debug_frame   0x00000058      0x334 cmake/stm32cubemx/CMakeFiles/STM32_Drivers.dir/__/__/Drivers/STM32F1xx_HAL_Driver/Src/stm32f1xx_hal.c.obj
 .debug_frame   0x0000038c      0x218 cmake/stm32cubemx/CMakeFiles/STM32_Drivers.dir/__/__/Drivers/STM32F1xx_HAL_Driver/Src/stm32f1xx_hal_rcc.c.obj
 .debug_frame   0x000005a4      0x14c cmake/stm32cubemx/CMakeFiles/STM32_Drivers.dir/__/__/Drivers/STM32F1xx_HAL_Driver/Src/stm32f1xx_hal_gpio.c.obj
 .debug_frame   0x000006f0      0x428 cmake/stm32cubemx/CMakeFiles/STM32_Drivers.dir/__/__/Drivers/STM32F1xx_HAL_Driver/Src/stm32f1xx_hal_cortex.c.obj
 .debug_frame   0x00000b18       0x90 CMakeFiles/task4_debounce.dir/Core/Src/main.c.obj
 .debug_frame   0x00000ba8      0x104 CMakeFiles/task4_debounce.dir/Core/Src/stm32f1xx_it.c.obj
 .debug_frame   0x00000cac       0x38 CMakeFiles/task4_debounce.dir/Core/Src/stm32f1xx_hal_msp.c.obj
 .debug_frame   0x00000ce4       0x20 C:/PROGRA~2/ARMGNU~1/14EFD8~1.2RE/bin/../lib/gcc/arm-none-eabi/14.2.1/thumb/v7-m/nofp\libg_nano.a(libc_a-memset.o)
 .debug_frame   0x00000d04       0x2c C:/PROGRA~2/ARMGNU~1/14EFD8~1.2RE/bin/../lib/gcc/arm-none-eabi/14.2.1/thumb/v7-m/nofp\libg_nano.a(libc_a-init.o)

.debug_line_str
                0x00000000       0x9e
 .debug_line_str
                0x00000000       0x9e CMakeFiles/task4_debounce.dir/startup_stm32f103xb.s.obj
